Component: ARM Compiler 5.06 update 6 (build 750) Tool: armlink [4d35ed]

==============================================================================

Section Cross References

    startup_stm32f103xb.o(RESET) refers to startup_stm32f103xb.o(STACK) for __initial_sp
    startup_stm32f103xb.o(RESET) refers to startup_stm32f103xb.o(.text) for Reset_Handler
    startup_stm32f103xb.o(RESET) refers to stm32f1xx_it.o(i.NMI_Handler) for NMI_Handler
    startup_stm32f103xb.o(RESET) refers to stm32f1xx_it.o(i.HardFault_Handler) for HardFault_Handler
    startup_stm32f103xb.o(RESET) refers to stm32f1xx_it.o(i.MemManage_Handler) for MemManage_Handler
    startup_stm32f103xb.o(RESET) refers to stm32f1xx_it.o(i.BusFault_Handler) for BusFault_Handler
    startup_stm32f103xb.o(RESET) refers to stm32f1xx_it.o(i.UsageFault_Handler) for UsageFault_Handler
    startup_stm32f103xb.o(RESET) refers to stm32f1xx_it.o(i.SVC_Handler) for SVC_Handler
    startup_stm32f103xb.o(RESET) refers to stm32f1xx_it.o(i.DebugMon_Handler) for DebugMon_Handler
    startup_stm32f103xb.o(RESET) refers to stm32f1xx_it.o(i.PendSV_Handler) for PendSV_Handler
    startup_stm32f103xb.o(RESET) refers to stm32f1xx_it.o(i.SysTick_Handler) for SysTick_Handler
    startup_stm32f103xb.o(RESET) refers to stm32f1xx_it.o(i.TIM3_IRQHandler) for TIM3_IRQHandler
    startup_stm32f103xb.o(RESET) refers to stm32f1xx_it.o(i.USART1_IRQHandler) for USART1_IRQHandler
    startup_stm32f103xb.o(RESET) refers to stm32f1xx_it.o(i.USART2_IRQHandler) for USART2_IRQHandler
    startup_stm32f103xb.o(.text) refers to system_stm32f1xx.o(i.SystemInit) for SystemInit
    startup_stm32f103xb.o(.text) refers to entry.o(.ARM.Collect$$$$00000000) for __main
    main.o(i.HAL_TIM_PeriodElapsedCallback) refers to encoder.o(i.GetEncoder) for GetEncoder
    main.o(i.HAL_TIM_PeriodElapsedCallback) refers to mpu6050.o(i.MPU6050_Read_All) for MPU6050_Read_All
    main.o(i.HAL_TIM_PeriodElapsedCallback) refers to cdcmple.o(.text) for __aeabi_cdcmpeq
    main.o(i.HAL_TIM_PeriodElapsedCallback) refers to stm32f1xx_hal_gpio.o(i.HAL_GPIO_WritePin) for HAL_GPIO_WritePin
    main.o(i.HAL_TIM_PeriodElapsedCallback) refers to d2f.o(.text) for __aeabi_d2f
    main.o(i.HAL_TIM_PeriodElapsedCallback) refers to control.o(i.Vertical) for Vertical
    main.o(i.HAL_TIM_PeriodElapsedCallback) refers to control.o(i.Velocity) for Velocity
    main.o(i.HAL_TIM_PeriodElapsedCallback) refers to dfixi.o(.text) for __aeabi_d2iz
    main.o(i.HAL_TIM_PeriodElapsedCallback) refers to control.o(i.Turn) for Turn
    main.o(i.HAL_TIM_PeriodElapsedCallback) refers to fflti.o(.text) for __aeabi_i2f
    main.o(i.HAL_TIM_PeriodElapsedCallback) refers to fmul.o(.text) for __aeabi_fmul
    main.o(i.HAL_TIM_PeriodElapsedCallback) refers to fadd.o(.text) for __aeabi_fsub
    main.o(i.HAL_TIM_PeriodElapsedCallback) refers to ffixi.o(.text) for __aeabi_f2iz
    main.o(i.HAL_TIM_PeriodElapsedCallback) refers to main.o(i.Limit) for Limit
    main.o(i.HAL_TIM_PeriodElapsedCallback) refers to control.o(i.Load) for Load
    main.o(i.HAL_TIM_PeriodElapsedCallback) refers to printfa.o(i.__0printf) for __2printf
    main.o(i.HAL_TIM_PeriodElapsedCallback) refers to strlen.o(.text) for strlen
    main.o(i.HAL_TIM_PeriodElapsedCallback) refers to stm32f1xx_hal_uart.o(i.HAL_UART_Transmit) for HAL_UART_Transmit
    main.o(i.HAL_TIM_PeriodElapsedCallback) refers to tim.o(.bss) for htim3
    main.o(i.HAL_TIM_PeriodElapsedCallback) refers to main.o(.data) for .data
    main.o(i.HAL_TIM_PeriodElapsedCallback) refers to main.o(.bss) for .bss
    main.o(i.HAL_TIM_PeriodElapsedCallback) refers to i2c.o(.bss) for hi2c2
    main.o(i.HAL_TIM_PeriodElapsedCallback) refers to control.o(.data) for Vertical_Kp
    main.o(i.HAL_TIM_PeriodElapsedCallback) refers to usart.o(.bss) for huart2
    main.o(i.HAL_UART_RxCpltCallback) refers to printfa.o(i.__0printf) for __2printf
    main.o(i.HAL_UART_RxCpltCallback) refers to stm32f1xx_hal_uart.o(i.HAL_UART_Receive_IT) for HAL_UART_Receive_IT
    main.o(i.HAL_UART_RxCpltCallback) refers to main.o(.data) for .data
    main.o(i.HAL_UART_RxCpltCallback) refers to usart.o(.bss) for huart2
    main.o(i.SystemClock_Config) refers to memseta.o(.text) for __aeabi_memclr4
    main.o(i.SystemClock_Config) refers to stm32f1xx_hal_rcc.o(i.HAL_RCC_OscConfig) for HAL_RCC_OscConfig
    main.o(i.SystemClock_Config) refers to stm32f1xx_hal_rcc.o(i.HAL_RCC_ClockConfig) for HAL_RCC_ClockConfig
    main.o(i.fputc) refers to stm32f1xx_hal_uart.o(i.HAL_UART_Transmit) for HAL_UART_Transmit
    main.o(i.fputc) refers to usart.o(.bss) for huart2
    main.o(i.main) refers to stm32f1xx_hal.o(i.HAL_Init) for HAL_Init
    main.o(i.main) refers to main.o(i.SystemClock_Config) for SystemClock_Config
    main.o(i.main) refers to gpio.o(i.MX_GPIO_Init) for MX_GPIO_Init
    main.o(i.main) refers to tim.o(i.MX_TIM1_Init) for MX_TIM1_Init
    main.o(i.main) refers to tim.o(i.MX_TIM2_Init) for MX_TIM2_Init
[...]
    ../mathlib/log.c                         0x00000000   Number         0  log_x.o ABSOLUTE
    ../mathlib/logf.c                        0x00000000   Number         0  logf.o ABSOLUTE
    ../mathlib/logf.c                        0x00000000   Number         0  logf_x.o ABSOLUTE
    ../mathlib/poly.c                        0x00000000   Number         0  poly.o ABSOLUTE
    ../mathlib/powf.c                        0x00000000   Number         0  powf_x.o ABSOLUTE
    ../mathlib/powf.c                        0x00000000   Number         0  powf.o ABSOLUTE
    ../mathlib/qnan.c                        0x00000000   Number         0  qnan.o ABSOLUTE
    ../mathlib/sqrt.c                        0x00000000   Number         0  sqrt_x.o ABSOLUTE
    ../mathlib/sqrt.c                        0x00000000   Number         0  sqrt.o ABSOLUTE
    ../mathlib/sqrtf.c                       0x00000000   Number         0  sqrtf.o ABSOLUTE
    ../mathlib/sqrtf.c                       0x00000000   Number         0  sqrtf_x.o ABSOLUTE
    ../mathlib/tanhf.c                       0x00000000   Number         0  tanhf_x.o ABSOLUTE
    ../mathlib/tanhf.c                       0x00000000   Number         0  tanhf.o ABSOLUTE
    ..\Core\Src\gpio.c                       0x00000000   Number         0  gpio.o ABSOLUTE
    ..\Core\Src\i2c.c                        0x00000000   Number         0  i2c.o ABSOLUTE
    ..\Core\Src\main.c                       0x00000000   Number         0  main.o ABSOLUTE
    ..\Core\Src\stm32f1xx_hal_msp.c          0x00000000   Number         0  stm32f1xx_hal_msp.o ABSOLUTE
    ..\Core\Src\stm32f1xx_it.c               0x00000000   Number         0  stm32f1xx_it.o ABSOLUTE
    ..\Core\Src\system_stm32f1xx.c           0x00000000   Number         0  system_stm32f1xx.o ABSOLUTE
    ..\Core\Src\tim.c                        0x00000000   Number         0  tim.o ABSOLUTE
    ..\Core\Src\usart.c                      0x00000000   Number         0  usart.o ABSOLUTE
    ..\Drivers\STM32F1xx_HAL_Driver\Src\stm32f1xx_hal.c 0x00000000   Number         0  stm32f1xx_hal.o ABSOLUTE
    ..\Drivers\STM32F1xx_HAL_Driver\Src\stm32f1xx_hal_cortex.c 0x00000000   Number         0  stm32f1xx_hal_cortex.o ABSOLUTE
    ..\Drivers\STM32F1xx_HAL_Driver\Src\stm32f1xx_hal_dma.c 0x00000000   Number         0  stm32f1xx_hal_dma.o ABSOLUTE
    ..\Drivers\STM32F1xx_HAL_Driver\Src\stm32f1xx_hal_exti.c 0x00000000   Number         0  stm32f1xx_hal_exti.o ABSOLUTE
    ..\Drivers\STM32F1xx_HAL_Driver\Src\stm32f1xx_hal_flash.c 0x00000000   Number         0  stm32f1xx_hal_flash.o ABSOLUTE
    ..\Drivers\STM32F1xx_HAL_Driver\Src\stm32f1xx_hal_flash_ex.c 0x00000000   Number         0  stm32f1xx_hal_flash_ex.o ABSOLUTE
    ..\Drivers\STM32F1xx_HAL_Driver\Src\stm32f1xx_hal_gpio.c 0x00000000   Number         0  stm32f1xx_hal_gpio.o ABSOLUTE
    ..\Drivers\STM32F1xx_HAL_Driver\Src\stm32f1xx_hal_gpio_ex.c 0x00000000   Number         0  stm32f1xx_hal_gpio_ex.o ABSOLUTE
    ..\Drivers\STM32F1xx_HAL_Driver\Src\stm32f1xx_hal_i2c.c 0x00000000   Number         0  stm32f1xx_hal_i2c.o ABSOLUTE
    ..\Drivers\STM32F1xx_HAL_Driver\Src\stm32f1xx_hal_pwr.c 0x00000000   Number         0  stm32f1xx_hal_pwr.o ABSOLUTE
    ..\Drivers\STM32F1xx_HAL_Driver\Src\stm32f1xx_hal_rcc.c 0x00000000   Number         0  stm32f1xx_hal_rcc.o ABSOLUTE
    ..\Drivers\STM32F1xx_HAL_Driver\Src\stm32f1xx_hal_rcc_ex.c 0x00000000   Number         0  stm32f1xx_hal_rcc_ex.o ABSOLUTE
    ..\Drivers\STM32F1xx_HAL_Driver\Src\stm32f1xx_hal_tim.c 0x00000000   Number         0  stm32f1xx_hal_tim.o ABSOLUTE
    ..\Drivers\STM32F1xx_HAL_Driver\Src\stm32f1xx_hal_tim_ex.c 0x00000000   Number         0  stm32f1xx_hal_tim_ex.o ABSOLUTE
    ..\Drivers\STM32F1xx_HAL_Driver\Src\stm32f1xx_hal_uart.c 0x00000000   Number         0  stm32f1xx_hal_uart.o ABSOLUTE
    ..\Hardware\Src\mpu6050.c                0x00000000   Number         0  mpu6050.o ABSOLUTE
    ..\Hardware\control.c                    0x00000000   Number         0  control.o ABSOLUTE
    ..\Hardware\dqn.c                        0x00000000   Number         0  dqn.o ABSOLUTE
    ..\Hardware\encoder.c                    0x00000000   Number         0  encoder.o ABSOLUTE
    ..\\Hardware\\Src\\mpu6050.c             0x00000000   Number         0  mpu6050.o ABSOLUTE
    ..\\Hardware\\control.c                  0x00000000   Number         0  control.o ABSOLUTE
    ..\\Hardware\\encoder.c                  0x00000000   Number         0  encoder.o ABSOLUTE
    D:\MyProgram\aworking\kz\keil\Packs\ARM\CMSIS\5.7.0\CMSIS\DSP\Source\BasicMathFunctions\BasicMathFunctions.c 0x00000000   Number         0  basicmathfunctions.o ABSOLUTE
    D:\MyProgram\aworking\kz\keil\Packs\ARM\CMSIS\5.7.0\CMSIS\DSP\Source\BayesFunctions\BayesFunctions.c 0x00000000   Number         0  bayesfunctions.o ABSOLUTE
    D:\MyProgram\aworking\kz\keil\Packs\ARM\CMSIS\5.7.0\CMSIS\DSP\Source\CommonTables\CommonTables.c 0x00000000   Number         0  commontables.o ABSOLUTE
    D:\MyProgram\aworking\kz\keil\Packs\ARM\CMSIS\5.7.0\CMSIS\DSP\Source\ComplexMathFunctions\ComplexMathFunctions.c 0x00000000   Number         0  complexmathfunctions.o ABSOLUTE
    D:\MyProgram\aworking\kz\keil\Packs\ARM\CMSIS\5.7.0\CMSIS\DSP\Source\ControllerFunctions\ControllerFunctions.c 0x00000000   Number         0  controllerfunctions.o ABSOLUTE
    D:\MyProgram\aworking\kz\keil\Packs\ARM\CMSIS\5.7.0\CMSIS\DSP\Source\DistanceFunctions\DistanceFunctions.c 0x00000000   Number         0  distancefunctions.o ABSOLUTE
    D:\MyProgram\aworking\kz\keil\Packs\ARM\CMSIS\5.7.0\CMSIS\DSP\Source\FastMathFunctions\FastMathFunctions.c 0x00000000   Number         0  fastmathfunctions.o ABSOLUTE
    D:\MyProgram\aworking\kz\keil\Packs\ARM\CMSIS\5.7.0\CMSIS\DSP\Source\FilteringFunctions\FilteringFunctions.c 0x00000000   Number         0  filteringfunctions.o ABSOLUTE
    D:\MyProgram\aworking\kz\keil\Packs\ARM\CMSIS\5.7.0\CMSIS\DSP\Source\MatrixFunctions\MatrixFunctions.c 0x00000000   Number         0  matrixfunctions.o ABSOLUTE
    D:\MyProgram\aworking\kz\keil\Packs\ARM\CMSIS\5.7.0\CMSIS\DSP\Source\SVMFunctions\SVMFunctions.c 0x00000000   Number         0  svmfunctions.o ABSOLUTE
    D:\MyProgram\aworking\kz\keil\Packs\ARM\CMSIS\5.7.0\CMSIS\DSP\Source\StatisticsFunctions\StatisticsFunctions.c 0x00000000   Number         0  statisticsfunctions.o ABSOLUTE
    D:\MyProgram\aworking\kz\keil\Packs\ARM\CMSIS\5.7.0\CMSIS\DSP\Source\SupportFunctions\SupportFunctions.c 0x00000000   Number         0  supportfunctions.o ABSOLUTE
    D:\MyProgram\aworking\kz\keil\Packs\ARM\CMSIS\5.7.0\CMSIS\DSP\Source\TransformFunctions\TransformFunctions.c 0x00000000   Number         0  transformfunctions.o ABSOLUTE
    D:\MyProgram\aworking\kz\keil\Packs\Keil\ARM_Compiler\1.6.3\Source\retarget_io.c 0x00000000   Number         0  retarget_io.o ABSOLUTE
    D:\\MyProgram\\aworking\\kz\\keil\\Packs\\ARM\\CMSIS\\5.7.0\\CMSIS\\DSP\\Source\\BasicMathFunctions\\BasicMathFunctions.c 0x00000000   Number         0  basicmathfunctions.o ABSOLUTE
    D:\\MyProgram\\aworking\\kz\\keil\\Packs\\ARM\\CMSIS\\5.7.0\\CMSIS\\DSP\\Source\\BayesFunctions\\BayesFunctions.c 0x00000000   Number         0  bayesfunctions.o ABSOLUTE
    D:\\MyProgram\\aworking\\kz\\keil\\Packs\\ARM\\CMSIS\\5.7.0\\CMSIS\\DSP\\Source\\CommonTables\\CommonTables.c 0x00000000   Number         0  commontables.o ABSOLUTE
    D:\\MyProgram\\aworking\\kz\\keil\\Packs\\ARM\\CMSIS\\5.7.0\\CMSIS\\DSP\\Source\\ComplexMathFunctions\\ComplexMathFunctions.c 0x00000000   Number         0  complexmathfunctions.o ABSOLUTE
    D:\\MyProgram\\aworking\\kz\\keil\\Packs\\ARM\\CMSIS\\5.7.0\\CMSIS\\DSP\\Source\\ControllerFunctions\\ControllerFunctions.c 0x00000000   Number         0  controllerfunctions.o ABSOLUTE
    D:\\MyProgram\\aworking\\kz\\keil\\Packs\\ARM\\CMSIS\\5.7.0\\CMSIS\\DSP\\Source\\DistanceFunctions\\DistanceFunctions.c 0x00000000   Number         0  distancefunctions.o ABSOLUTE
    D:\\MyProgram\\aworking\\kz\\keil\\Packs\\ARM\\CMSIS\\5.7.0\\CMSIS\\DSP\\Source\\FastMathFunctions\\FastMathFunctions.c 0x00000000   Number         0  fastmathfunctions.o ABSOLUTE
    D:\\MyProgram\\aworking\\kz\\keil\\Packs\\ARM\\CMSIS\\5.7.0\\CMSIS\\DSP\\Source\\FilteringFunctions\\FilteringFunctions.c 0x00000000   Number         0  filteringfunctions.o ABSOLUTE
    D:\\MyProgram\\aworking\\kz\\keil\\Packs\\ARM\\CMSIS\\5.7.0\\CMSIS\\DSP\\Source\\MatrixFunctions\\MatrixFunctions.c 0x00000000   Number         0  matrixfunctions.o ABSOLUTE
    D:\\MyProgram\\aworking\\kz\\keil\\Packs\\ARM\\CMSIS\\5.7.0\\CMSIS\\DSP\\Source\\SVMFunctions\\SVMFunctions.c 0x00000000   Number         0  svmfunctions.o ABSOLUTE
    D:\\MyProgram\\aworking\\kz\\keil\\Packs\\ARM\\CMSIS\\5.7.0\\CMSIS\\DSP\\Source\\StatisticsFunctions\\StatisticsFunctions.c 0x00000000   Number         0  statisticsfunctions.o ABSOLUTE
    D:\\MyProgram\\aworking\\kz\\keil\\Packs\\ARM\\CMSIS\\5.7.0\\CMSIS\\DSP\\Source\\SupportFunctions\\SupportFunctions.c 0x00000000   Number         0  supportfunctions.o ABSOLUTE
    D:\\MyProgram\\aworking\\kz\\keil\\Packs\\ARM\\CMSIS\\5.7.0\\CMSIS\\DSP\\Source\\TransformFunctions\\TransformFunctions.c 0x00000000   Number         0  transformfunctions.o ABSOLUTE
    cdcmple.s                                0x00000000   Number         0  cdcmple.o ABSOLUTE
    cdrcmple.s                               0x00000000   Number         0  cdrcmple.o ABSOLUTE
    cfcmple.s                                0x00000000   Number         0  cfcmple.o ABSOLUTE
    cfrcmple.s                               0x00000000   Number         0  cfrcmple.o ABSOLUTE
    dc.s                                     0x00000000   Number         0  dc.o ABSOLUTE
    handlers.s                               0x00000000   Number         0  handlers.o ABSOLUTE
    init.s                                   0x00000000   Number         0  init.o ABSOLUTE
    startup_stm32f103xb.s                    0x00000000   Number         0  startup_stm32f103xb.o ABSOLUTE
    RESET                                    0x08000000   Section      236  startup_stm32f103xb.o(RESET)
    .ARM.Collect$$$$00000000                 0x080000ec   Section        0  entry.o(.ARM.Collect$$$$00000000)
    .ARM.Collect$$$$00000001                 0x080000ec   Section        4  entry2.o(.ARM.Collect$$$$00000001)
    .ARM.Collect$$$$00000004                 0x080000f0   Section        4  entry5.o(.ARM.Collect$$$$00000004)
    .ARM.Collect$$$$00000008                 0x080000f4   Section        0  entry7b.o(.ARM.Collect$$$$00000008)
    .ARM.Collect$$$$0000000A                 0x080000f4   Section        0  entry8b.o(.ARM.Collect$$$$0000000A)
    .ARM.Collect$$$$0000000B                 0x080000f4   Section        8  entry9a.o(.ARM.Collect$$$$0000000B)
    .ARM.Collect$$$$0000000D                 0x080000fc   Section        0  entry10a.o(.ARM.Collect$$$$0000000D)
    .ARM.Collect$$$$0000000F                 0x080000fc   Section        0  entry11a.o(.ARM.Collect$$$$0000000F)
    .ARM.Collect$$$$00002712                 0x080000fc   Section        4  entry2.o(.ARM.Collect$$$$00002712)
    __lit__00000000                          0x080000fc   Data           4  entry2.o(.ARM.Collect$$$$00002712)
    .text                                    0x08000100   Section       36  startup_stm32f103xb.o(.text)
    .text                                    0x08000124   Section        0  uldiv.o(.text)
    .text                                    0x08000186   Section        0  llshl.o(.text)
    .text                                    0x080001a4   Section        0  llushr.o(.text)
    .text                                    0x080001c4   Section        0  llsshr.o(.text)
    .text                                    0x080001e8   Section        0  memseta.o(.text)
    .text                                    0x0800020c   Section        0  strlen.o(.text)
    .text                                    0x0800021a   Section        0  fadd.o(.text)
    .text                                    0x080002ca   Section        0  fmul.o(.text)
    .text                                    0x0800032e   Section        0  fdiv.o(.text)
    .text                                    0x080003aa   Section        0  dadd.o(.text)
    .text                                    0x080004f8   Section        0  dmul.o(.text)
    .text                                    0x080005dc   Section        0  ddiv.o(.text)
    .text                                    0x080006ba   Section        0  dscalb.o(.text)
    .text                                    0x080006e8   Section        0  fflti.o(.text)
    .text                                    0x080006fa   Section        0  dflti.o(.text)
    .text                                    0x0800071c   Section        0  dfltui.o(.text)
    .text                                    0x08000736   Section        0  ffixi.o(.text)
    .text                                    0x08000768   Section        0  dfixi.o(.text)
    .text                                    0x080007a8   Section       48  cdcmple.o(.text)
    .text                                    0x080007d8   Section       48  cdrcmple.o(.text)
    .text                                    0x08000808   Section        0  d2f.o(.text)
    .text                                    0x08000840   Section       20  cfcmple.o(.text)
    .text                                    0x08000854   Section       20  cfrcmple.o(.text)
    .text                                    0x08000868   Section        0  uidiv.o(.text)
    .text                                    0x08000894   Section        0  fepilogue.o(.text)
    .text                                    0x08000894   Section        0  iusefp.o(.text)
    .text                                    0x08000902   Section        0  depilogue.o(.text)
    .text                                    0x080009bc   Section        0  dsqrt.o(.text)
    .text                                    0x08000a5e   Section        0  dfixul.o(.text)
    .text                                    0x08000a90   Section       36  init.o(.text)
    i.BusFault_Handler                       0x08000ab4   Section        0  stm32f1xx_it.o(i.BusFault_Handler)
    i.DebugMon_Handler                       0x08000ab6   Section        0  stm32f1xx_it.o(i.DebugMon_Handler)
    i.Error_Handler                          0x08000ab8   Section        0  main.o(i.Error_Handler)
    i.GetEncoder                             0x08000abc   Section        0  encoder.o(i.GetEncoder)
    i.HAL_DMA_Abort                          0x08000ae0   Section        0  stm32f1xx_hal_dma.o(i.HAL_DMA_Abort)
    i.HAL_DMA_Abort_IT                       0x08000b28   Section        0  stm32f1xx_hal_dma.o(i.HAL_DMA_Abort_IT)
    i.HAL_GPIO_Init                          0x08000bc0   Section        0  stm32f1xx_hal_gpio.o(i.HAL_GPIO_Init)
    i.HAL_GPIO_WritePin                      0x08000da0   Section        0  stm32f1xx_hal_gpio.o(i.HAL_GPIO_WritePin)
    i.HAL_GetTick                            0x08000dac   Section        0  stm32f1xx_hal.o(i.HAL_GetTick)
    i.HAL_I2C_Init                           0x08000db8   Section        0  stm32f1xx_hal_i2c.o(i.HAL_I2C_Init)
    i.HAL_I2C_Mem_Read                       0x08000f40   Section        0  stm32f1xx_hal_i2c.o(i.HAL_I2C_Mem_Read)
    i.HAL_I2C_Mem_Write                      0x08001190   Section        0  stm32f1xx_hal_i2c.o(i.HAL_I2C_Mem_Write)
    i.HAL_I2C_MspInit                        0x080012c0   Section        0  i2c.o(i.HAL_I2C_MspInit)
    i.HAL_IncTick                            0x08001320   Section        0  stm32f1xx_hal.o(i.HAL_IncTick)
    i.HAL_Init                               0x08001330   Section        0  stm32f1xx_hal.o(i.HAL_Init)
    i.HAL_InitTick                           0x08001354   Section        0  stm32f1xx_hal.o(i.HAL_InitTick)
    i.HAL_MspInit                            0x08001394   Section        0  stm32f1xx_hal_msp.o(i.HAL_MspInit)
    i.HAL_NVIC_EnableIRQ                     0x080013d0   Section        0  stm32f1xx_hal_cortex.o(i.HAL_NVIC_EnableIRQ)
    i.HAL_NVIC_SetPriority                   0x080013ec   Section        0  stm32f1xx_hal_cortex.o(i.HAL_NVIC_SetPriority)
    i.HAL_NVIC_SetPriorityGrouping           0x0800142c   Section        0  stm32f1xx_hal_cortex.o(i.HAL_NVIC_SetPriorityGrouping)
    i.HAL_RCC_ClockConfig                    0x08001450   Section        0  stm32f1xx_hal_rcc.o(i.HAL_RCC_ClockConfig)
    i.HAL_RCC_GetPCLK1Freq                   0x0800157c   Section        0  stm32f1xx_hal_rcc.o(i.HAL_RCC_GetPCLK1Freq)
    i.HAL_RCC_GetPCLK2Freq                   0x0800159c   Section        0  stm32f1xx_hal_rcc.o(i.HAL_RCC_GetPCLK2Freq)
    i.HAL_RCC_GetSysClockFreq                0x080015bc   Section        0  stm32f1xx_hal_rcc.o(i.HAL_RCC_GetSysClockFreq)
    i.HAL_RCC_OscConfig                      0x08001628   Section        0  stm32f1xx_hal_rcc.o(i.HAL_RCC_OscConfig)
    i.HAL_SYSTICK_Config                     0x08001948   Section        0  stm32f1xx_hal_cortex.o(i.HAL_SYSTICK_Config)
    i.HAL_TIMEx_BreakCallback                0x08001970   Section        0  stm32f1xx_hal_tim_ex.o(i.HAL_TIMEx_BreakCallback)
    i.HAL_TIMEx_CommutCallback               0x08001972   Section        0  stm32f1xx_hal_tim_ex.o(i.HAL_TIMEx_CommutCallback)
    i.HAL_TIMEx_ConfigBreakDeadTime          0x08001974   Section        0  stm32f1xx_hal_tim_ex.o(i.HAL_TIMEx_ConfigBreakDeadTime)
    i.HAL_TIMEx_MasterConfigSynchronization  0x080019c8   Section        0  stm32f1xx_hal_tim_ex.o(i.HAL_TIMEx_MasterConfigSynchronization)
    i.HAL_TIM_Base_Init                      0x08001a30   Section        0  stm32f1xx_hal_tim.o(i.HAL_TIM_Base_Init)
    i.HAL_TIM_Base_MspInit                   0x08001a8c   Section        0  tim.o(i.HAL_TIM_Base_MspInit)
    i.HAL_TIM_Base_Start_IT                  0x08001b14   Section        0  stm32f1xx_hal_tim.o(i.HAL_TIM_Base_Start_IT)
    i.HAL_TIM_ConfigClockSource              0x08001b6c   Section        0  stm32f1xx_hal_tim.o(i.HAL_TIM_ConfigClockSource)
    i.HAL_TIM_Encoder_Init                   0x08001c42   Section        0  stm32f1xx_hal_tim.o(i.HAL_TIM_Encoder_Init)
    i.HAL_TIM_Encoder_MspInit                0x08001ce8   Section        0  tim.o(i.HAL_TIM_Encoder_MspInit)
    i.HAL_TIM_Encoder_Start                  0x08001d74   Section        0  stm32f1xx_hal_tim.o(i.HAL_TIM_Encoder_Start)
    i.HAL_TIM_IC_CaptureCallback             0x08001e02   Section        0  stm32f1xx_hal_tim.o(i.HAL_TIM_IC_CaptureCallback)
    i.HAL_TIM_IRQHandler                     0x08001e04   Section        0  stm32f1xx_hal_tim.o(i.HAL_TIM_IRQHandler)
    i.HAL_TIM_MspPostInit                    0x08001f6c   Section        0  tim.o(i.HAL_TIM_MspPostInit)
    i.HAL_TIM_OC_DelayElapsedCallback        0x08001fb8   Section        0  stm32f1xx_hal_tim.o(i.HAL_TIM_OC_DelayElapsedCallback)
    i.HAL_TIM_PWM_ConfigChannel              0x08001fba   Section        0  stm32f1xx_hal_tim.o(i.HAL_TIM_PWM_ConfigChannel)
    i.HAL_TIM_PWM_Init                       0x08002080   Section        0  stm32f1xx_hal_tim.o(i.HAL_TIM_PWM_Init)
    i.HAL_TIM_PWM_MspInit                    0x080020da   Section        0  stm32f1xx_hal_tim.o(i.HAL_TIM_PWM_MspInit)
    i.HAL_TIM_PWM_PulseFinishedCallback      0x080020dc   Section        0  stm32f1xx_hal_tim.o(i.HAL_TIM_PWM_PulseFinishedCallback)
    i.HAL_TIM_PWM_Start                      0x080020e0   Section        0  stm32f1xx_hal_tim.o(i.HAL_TIM_PWM_Start)
    i.HAL_TIM_PeriodElapsedCallback          0x0800217c   Section        0  main.o(i.HAL_TIM_PeriodElapsedCallback)
    i.HAL_TIM_TriggerCallback                0x080022a4   Section        0  stm32f1xx_hal_tim.o(i.HAL_TIM_TriggerCallback)
    i.HAL_UARTEx_RxEventCallback             0x080022a6   Section        0  stm32f1xx_hal_uart.o(i.HAL_UARTEx_RxEventCallback)
    i.HAL_UART_ErrorCallback                 0x080022a8   Section        0  stm32f1xx_hal_uart.o(i.HAL_UART_ErrorCallback)
    i.HAL_UART_IRQHandler                    0x080022ac   Section        0  stm32f1xx_hal_uart.o(i.HAL_UART_IRQHandler)
    i.HAL_UART_Init                          0x080024b8   Section        0  stm32f1xx_hal_uart.o(i.HAL_UART_Init)
    i.HAL_UART_MspInit                       0x0800251c   Section        0  usart.o(i.HAL_UART_MspInit)
    i.HAL_UART_Receive_IT                    0x080025f4   Section        0  stm32f1xx_hal_uart.o(i.HAL_UART_Receive_IT)
    i.HAL_UART_RxCpltCallback                0x08002620   Section        0  main.o(i.HAL_UART_RxCpltCallback)
    i.HAL_UART_Transmit                      0x0800265c   Section        0  stm32f1xx_hal_uart.o(i.HAL_UART_Transmit)
    i.HAL_UART_TxCpltCallback                0x0800270e   Section        0  stm32f1xx_hal_uart.o(i.HAL_UART_TxCpltCallback)
    i.HardFault_Handler                      0x08002710   Section        0  stm32f1xx_it.o(i.HardFault_Handler)
    i.I2C_IsAcknowledgeFailed                0x08002712   Section        0  stm32f1xx_hal_i2c.o(i.I2C_IsAcknowledgeFailed)
    I2C_IsAcknowledgeFailed                  0x08002713   Thumb Code    46  stm32f1xx_hal_i2c.o(i.I2C_IsAcknowledgeFailed)
    i.I2C_RequestMemoryRead                  0x08002740   Section        0  stm32f1xx_hal_i2c.o(i.I2C_RequestMemoryRead)
    I2C_RequestMemoryRead                    0x08002741   Thumb Code   246  stm32f1xx_hal_i2c.o(i.I2C_RequestMemoryRead)
    i.I2C_RequestMemoryWrite                 0x0800283c   Section        0  stm32f1xx_hal_i2c.o(i.I2C_RequestMemoryWrite)
    I2C_RequestMemoryWrite                   0x0800283d   Thumb Code   162  stm32f1xx_hal_i2c.o(i.I2C_RequestMemoryWrite)
    i.I2C_WaitOnBTFFlagUntilTimeout          0x080028e4   Section        0  stm32f1xx_hal_i2c.o(i.I2C_WaitOnBTFFlagUntilTimeout)
    I2C_WaitOnBTFFlagUntilTimeout            0x080028e5   Thumb Code    76  stm32f1xx_hal_i2c.o(i.I2C_WaitOnBTFFlagUntilTimeout)
    i.I2C_WaitOnFlagUntilTimeout             0x08002930   Section        0  stm32f1xx_hal_i2c.o(i.I2C_WaitOnFlagUntilTimeout)
    I2C_WaitOnFlagUntilTimeout               0x08002931   Thumb Code   104  stm32f1xx_hal_i2c.o(i.I2C_WaitOnFlagUntilTimeout)
    i.I2C_WaitOnMasterAddressFlagUntilTimeout 0x08002998   Section        0  stm32f1xx_hal_i2c.o(i.I2C_WaitOnMasterAddressFlagUntilTimeout)
    I2C_WaitOnMasterAddressFlagUntilTimeout  0x08002999   Thumb Code   150  stm32f1xx_hal_i2c.o(i.I2C_WaitOnMasterAddressFlagUntilTimeout)
    i.I2C_WaitOnRXNEFlagUntilTimeout         0x08002a2e   Section        0  stm32f1xx_hal_i2c.o(i.I2C_WaitOnRXNEFlagUntilTimeout)
    I2C_WaitOnRXNEFlagUntilTimeout           0x08002a2f   Thumb Code   102  stm32f1xx_hal_i2c.o(i.I2C_WaitOnRXNEFlagUntilTimeout)
    i.I2C_WaitOnTXEFlagUntilTimeout          0x08002a94   Section        0  stm32f1xx_hal_i2c.o(i.I2C_WaitOnTXEFlagUntilTimeout)
    I2C_WaitOnTXEFlagUntilTimeout            0x08002a95   Thumb Code    76  stm32f1xx_hal_i2c.o(i.I2C_WaitOnTXEFlagUntilTimeout)
    i.Kalman_getAngle                        0x08002ae0   Section        0  mpu6050.o(i.Kalman_getAngle)
    i.Limit                                  0x08002c6c   Section        0  main.o(i.Limit)
    i.Load                                   0x08002c98   Section        0  control.o(i.Load)
    i.MPU6050_Init                           0x08002d14   Section        0  mpu6050.o(i.MPU6050_Init)
    i.MPU6050_Read_All                       0x08002da8   Section        0  mpu6050.o(i.MPU6050_Read_All)
    i.MX_GPIO_Init                           0x08002fe8   Section        0  gpio.o(i.MX_GPIO_Init)
    i.MX_I2C2_Init                           0x080030b8   Section        0  i2c.o(i.MX_I2C2_Init)
    i.MX_TIM1_Init                           0x080030f8   Section        0  tim.o(i.MX_TIM1_Init)
    i.MX_TIM2_Init                           0x080031d0   Section        0  tim.o(i.MX_TIM2_Init)
    i.MX_TIM3_Init                           0x08003238   Section        0  tim.o(i.MX_TIM3_Init)
    i.MX_TIM4_Init                           0x080032a4   Section        0  tim.o(i.MX_TIM4_Init)
    i.MX_USART1_UART_Init                    0x08003310   Section        0  usart.o(i.MX_USART1_UART_Init)
    i.MX_USART2_UART_Init                    0x08003348   Section        0  usart.o(i.MX_USART2_UART_Init)
    i.MemManage_Handler                      0x08003380   Section        0  stm32f1xx_it.o(i.MemManage_Handler)
    i.NMI_Handler                            0x08003382   Section        0  stm32f1xx_it.o(i.NMI_Handler)
    i.PendSV_Handler                         0x08003384   Section        0  stm32f1xx_it.o(i.PendSV_Handler)
    i.SVC_Handler                            0x08003386   Section        0  stm32f1xx_it.o(i.SVC_Handler)
    i.SysTick_Handler                        0x08003388   Section        0  stm32f1xx_it.o(i.SysTick_Handler)
    i.SystemClock_Config                     0x0800338c   Section        0  main.o(i.SystemClock_Config)
    i.SystemInit                             0x080033ea   Section        0  system_stm32f1xx.o(i.SystemInit)
    i.TIM3_IRQHandler                        0x080033ec   Section        0  stm32f1xx_it.o(i.TIM3_IRQHandler)
    i.TIM_Base_SetConfig                     0x080033f8   Section        0  stm32f1xx_hal_tim.o(i.TIM_Base_SetConfig)
    i.TIM_CCxChannelCmd                      0x08003464   Section        0  stm32f1xx_hal_tim.o(i.TIM_CCxChannelCmd)
    i.TIM_ETR_SetConfig                      0x0800347e   Section        0  stm32f1xx_hal_tim.o(i.TIM_ETR_SetConfig)
    i.TIM_ITRx_SetConfig                     0x08003492   Section        0  stm32f1xx_hal_tim.o(i.TIM_ITRx_SetConfig)
    TIM_ITRx_SetConfig                       0x08003493   Thumb Code    16  stm32f1xx_hal_tim.o(i.TIM_ITRx_SetConfig)
    i.TIM_OC1_SetConfig                      0x080034a4   Section        0  stm32f1xx_hal_tim.o(i.TIM_OC1_SetConfig)
    TIM_OC1_SetConfig                        0x080034a5   Thumb Code    74  stm32f1xx_hal_tim.o(i.TIM_OC1_SetConfig)
    i.TIM_OC2_SetConfig                      0x080034f4   Section        0  stm32f1xx_hal_tim.o(i.TIM_OC2_SetConfig)
    i.TIM_OC3_SetConfig                      0x0800354c   Section        0  stm32f1xx_hal_tim.o(i.TIM_OC3_SetConfig)
    TIM_OC3_SetConfig                        0x0800354d   Thumb Code    82  stm32f1xx_hal_tim.o(i.TIM_OC3_SetConfig)
    i.TIM_OC4_SetConfig                      0x080035a4   Section        0  stm32f1xx_hal_tim.o(i.TIM_OC4_SetConfig)
    TIM_OC4_SetConfig                        0x080035a5   Thumb Code    64  stm32f1xx_hal_tim.o(i.TIM_OC4_SetConfig)
    i.TIM_TI1_ConfigInputStage               0x080035e8   Section        0  stm32f1xx_hal_tim.o(i.TIM_TI1_ConfigInputStage)
    TIM_TI1_ConfigInputStage                 0x080035e9   Thumb Code    34  stm32f1xx_hal_tim.o(i.TIM_TI1_ConfigInputStage)
    i.TIM_TI2_ConfigInputStage               0x0800360a   Section        0  stm32f1xx_hal_tim.o(i.TIM_TI2_ConfigInputStage)
    TIM_TI2_ConfigInputStage                 0x0800360b   Thumb Code    36  stm32f1xx_hal_tim.o(i.TIM_TI2_ConfigInputStage)
    i.Turn                                   0x08003630   Section        0  control.o(i.Turn)
    i.UART_DMAAbortOnError                   0x0800364c   Section        0  stm32f1xx_hal_uart.o(i.UART_DMAAbortOnError)
    UART_DMAAbortOnError                     0x0800364d   Thumb Code    16  stm32f1xx_hal_uart.o(i.UART_DMAAbortOnError)
    i.UART_EndRxTransfer                     0x0800365c   Section        0  stm32f1xx_hal_uart.o(i.UART_EndRxTransfer)
    UART_EndRxTransfer                       0x0800365d   Thumb Code    48  stm32f1xx_hal_uart.o(i.UART_EndRxTransfer)
    i.UART_Receive_IT                        0x0800368c   Section        0  stm32f1xx_hal_uart.o(i.UART_Receive_IT)
    UART_Receive_IT                          0x0800368d   Thumb Code   182  stm32f1xx_hal_uart.o(i.UART_Receive_IT)
    i.UART_SetConfig                         0x08003744   Section        0  stm32f1xx_hal_uart.o(i.UART_SetConfig)
    UART_SetConfig                           0x08003745   Thumb Code   178  stm32f1xx_hal_uart.o(i.UART_SetConfig)
    i.UART_Start_Receive_IT                  0x080037fc   Section        0  stm32f1xx_hal_uart.o(i.UART_Start_Receive_IT)
    i.UART_WaitOnFlagUntilTimeout            0x08003832   Section        0  stm32f1xx_hal_uart.o(i.UART_WaitOnFlagUntilTimeout)
    UART_WaitOnFlagUntilTimeout              0x08003833   Thumb Code   100  stm32f1xx_hal_uart.o(i.UART_WaitOnFlagUntilTimeout)
    i.USART1_IRQHandler                      0x08003898   Section        0  stm32f1xx_it.o(i.USART1_IRQHandler)
    i.USART2_IRQHandler                      0x080038a4   Section        0  stm32f1xx_it.o(i.USART2_IRQHandler)
    i.UsageFault_Handler                     0x080038b0   Section        0  stm32f1xx_it.o(i.UsageFault_Handler)
    i.Velocity                               0x080038b4   Section        0  control.o(i.Velocity)
    i.Vertical                               0x0800391c   Section        0  control.o(i.Vertical)
    i.__0printf                              0x08003998   Section        0  printfa.o(i.__0printf)
    i.__ARM_fpclassify                       0x080039b8   Section        0  fpclassify.o(i.__ARM_fpclassify)
    i.__NVIC_SetPriority                     0x080039e0   Section        0  stm32f1xx_hal_cortex.o(i.__NVIC_SetPriority)
    __NVIC_SetPriority                       0x080039e1   Thumb Code    32  stm32f1xx_hal_cortex.o(i.__NVIC_SetPriority)
    i.__kernel_poly                          0x08003a00   Section        0  poly.o(i.__kernel_poly)
    i.__mathlib_dbl_infnan                   0x08003aaa   Section        0  dunder.o(i.__mathlib_dbl_infnan)
    i.__mathlib_dbl_infnan2                  0x08003ab0   Section        0  dunder.o(i.__mathlib_dbl_infnan2)
    i.__mathlib_dbl_underflow                0x08003ab4   Section        0  dunder.o(i.__mathlib_dbl_underflow)
    i.__scatterload_copy                     0x08003ac4   Section       14  handlers.o(i.__scatterload_copy)
    i.__scatterload_null                     0x08003ad2   Section        2  handlers.o(i.__scatterload_null)
    i.__scatterload_zeroinit                 0x08003ad4   Section       14  handlers.o(i.__scatterload_zeroinit)
    i.__set_errno                            0x08003ae4   Section        0  errno.o(i.__set_errno)
    i._fp_digits                             0x08003af0   Section        0  printfa.o(i._fp_digits)
    _fp_digits                               0x08003af1   Thumb Code   366  printfa.o(i._fp_digits)
    i._printf_core                           0x08003c74   Section        0  printfa.o(i._printf_core)
    _printf_core                             0x08003c75   Thumb Code  1744  printfa.o(i._printf_core)
    i._printf_post_padding                   0x08004350   Section        0  printfa.o(i._printf_post_padding)
    _printf_post_padding                     0x08004351   Thumb Code    36  printfa.o(i._printf_post_padding)
    i._printf_pre_padding                    0x08004374   Section        0  printfa.o(i._printf_pre_padding)
    _printf_pre_padding                      0x08004375   Thumb Code    46  printfa.o(i._printf_pre_padding)
    i.atan                                   0x080043a4   Section        0  atan.o(i.atan)
    i.atan2                                  0x080045c4   Section        0  atan2.o(i.atan2)
    i.fputc                                  0x08004744   Section        0  main.o(i.fputc)
    i.main                                   0x0800475c   Section        0  main.o(i.main)
    i.my_abs                                 0x080047ec   Section        0  control.o(i.my_abs)
    i.sqrt                                   0x080047f4   Section        0  sqrt.o(i.sqrt)
    .constdata                               0x08004840   Section       16  system_stm32f1xx.o(.constdata)
    .constdata                               0x08004850   Section        8  system_stm32f1xx.o(.constdata)
    .constdata                               0x08004858   Section      152  atan.o(.constdata)
    atanhi                                   0x08004858   Data          32  atan.o(.constdata)
    atanlo                                   0x08004878   Data          32  atan.o(.constdata)
    aTodd                                    0x08004898   Data          40  atan.o(.constdata)
    aTeven                                   0x080048c0   Data          48  atan.o(.constdata)
    .constdata                               0x080048f0   Section        8  qnan.o(.constdata)
    .data                                    0x20000000   Section       36  main.o(.data)
    .data                                    0x20000024   Section       12  stm32f1xx_hal.o(.data)
    .data                                    0x20000030   Section        4  system_stm32f1xx.o(.data)
    .data                                    0x20000034   Section       68  control.o(.data)
    PWM_out                                  0x20000064   Data           4  control.o(.data)
    Encoder_Err                              0x20000068   Data           4  control.o(.data)
    Encoder_S                                0x2000006c   Data           4  control.o(.data)
    EnC_Err_Lowout                           0x20000070   Data           4  control.o(.data)
    EnC_Err_Lowout_last                      0x20000074   Data           4  control.o(.data)
    .data                                    0x20000078   Section      152  mpu6050.o(.data)
    .data                                    0x20000110   Section        4  stdout.o(.data)
    .data                                    0x20000114   Section        4  errno.o(.data)
    _errno                                   0x20000114   Data           4  errno.o(.data)
    .bss                                     0x20000118   Section       88  main.o(.bss)
    .bss                                     0x20000170   Section       84  i2c.o(.bss)
    .bss                                     0x200001c4   Section      288  tim.o(.bss)
    .bss                                     0x200002e4   Section      136  usart.o(.bss)
    STACK                                    0x20000370   Section     1024  startup_stm32f103xb.o(STACK)

    Global Symbols

    Symbol Name                              Value     Ov Type        Size  Object(Section)

    BuildAttributes$$THM_ISAv4$P$D$K$B$S$PE$A:L22UL41UL21$X:L11$S22US41US21$IEEE1$IW$USESV6$~STKCKD$USESV7$~SHL$OTIME$ROPI$IEEEX$EBA8$MICROLIB$REQ8$PRES8$EABIv2 0x00000000   Number         0  anon$$obj.o ABSOLUTE
    __ARM_use_no_argv                        0x00000000   Number         0  main.o ABSOLUTE
    _printf_a                                0x00000000   Number         0  stubs.o ABSOLUTE
    _printf_c                                0x00000000   Number         0  stubs.o ABSOLUTE
    _printf_charcount                        0x00000000   Number         0  stubs.o ABSOLUTE
    _printf_d                                0x00000000   Number         0  stubs.o ABSOLUTE
    _printf_e                                0x00000000   Number         0  stubs.o ABSOLUTE
    _printf_f                                0x00000000   Number         0  stubs.o ABSOLUTE
    _printf_flags                            0x00000000   Number         0  stubs.o ABSOLUTE
    _printf_fp_dec                           0x00000000   Number         0  stubs.o ABSOLUTE
    _printf_fp_hex                           0x00000000   Number         0  stubs.o ABSOLUTE
    _printf_g                                0x00000000   Number         0  stubs.o ABSOLUTE
    _printf_i                                0x00000000   Number         0  stubs.o ABSOLUTE
    _printf_int_dec                          0x00000000   Number         0  stubs.o ABSOLUTE
    _printf_l                                0x00000000   Number         0  stubs.o ABSOLUTE
    _printf_lc                               0x00000000   Number         0  stubs.o ABSOLUTE
    _printf_ll                               0x00000000   Number         0  stubs.o ABSOLUTE
    _printf_lld                              0x00000000   Number         0  stubs.o ABSOLUTE
    _printf_lli                              0x00000000   Number         0  stubs.o ABSOLUTE
    _printf_llo                              0x00000000   Number         0  stubs.o ABSOLUTE
    _printf_llu                              0x00000000   Number         0  stubs.o ABSOLUTE
    _printf_llx                              0x00000000   Number         0  stubs.o ABSOLUTE
    _printf_longlong_dec                     0x00000000   Number         0  stubs.o ABSOLUTE
    _printf_longlong_hex                     0x00000000   Number         0  stubs.o ABSOLUTE
    _printf_longlong_oct                     0x00000000   Number         0  stubs.o ABSOLUTE
    _printf_ls                               0x00000000   Number         0  stubs.o ABSOLUTE
    _printf_mbtowc                           0x00000000   Number         0  stubs.o ABSOLUTE
    _printf_n                                0x00000000   Number         0  stubs.o ABSOLUTE
    _printf_o                                0x00000000   Number         0  stubs.o ABSOLUTE
    _printf_p                                0x00000000   Number         0  stubs.o ABSOLUTE
    _printf_percent                          0x00000000   Number         0  stubs.o ABSOLUTE
    _printf_pre_padding                      0x00000000   Number         0  stubs.o ABSOLUTE
    _printf_return_value                     0x00000000   Number         0  stubs.o ABSOLUTE
    _printf_s                                0x00000000   Number         0  stubs.o ABSOLUTE
    _printf_sizespec                         0x00000000   Number         0  stubs.o ABSOLUTE
    _printf_str                              0x00000000   Number         0  stubs.o ABSOLUTE
    _printf_truncate_signed                  0x00000000   Number         0  stubs.o ABSOLUTE
    _printf_truncate_unsigned                0x00000000   Number         0  stubs.o ABSOLUTE
    _printf_u                                0x00000000   Number         0  stubs.o ABSOLUTE
    _printf_wc                               0x00000000   Number         0  stubs.o ABSOLUTE
    _printf_wctomb                           0x00000000   Number         0  stubs.o ABSOLUTE
    _printf_widthprec                        0x00000000   Number         0  stubs.o ABSOLUTE
    _printf_x                                0x00000000   Number         0  stubs.o ABSOLUTE
    __cpp_initialize__aeabi_                  - Undefined Weak Reference
    __cxa_finalize                            - Undefined Weak Reference
    __decompress                              - Undefined Weak Reference
    _clock_init                               - Undefined Weak Reference
    _microlib_exit                            - Undefined Weak Reference
    __Vectors_Size                           0x000000ec   Number         0  startup_stm32f103xb.o ABSOLUTE
    __Vectors                                0x08000000   Data           4  startup_stm32f103xb.o(RESET)
    __Vectors_End                            0x080000ec   Data           0  startup_stm32f103xb.o(RESET)
    __main                                   0x080000ed   Thumb Code     0  entry.o(.ARM.Collect$$$$00000000)
    _main_stk                                0x080000ed   Thumb Code     0  entry2.o(.ARM.Collect$$$$00000001)
    _main_scatterload                        0x080000f1   Thumb Code     0  entry5.o(.ARM.Collect$$$$00000004)
    __main_after_scatterload                 0x080000f5   Thumb Code     0  entry5.o(.ARM.Collect$$$$00000004)
    _main_clock                              0x080000f5   Thumb Code     0  entry7b.o(.ARM.Collect$$$$00000008)
    _main_cpp_init                           0x080000f5   Thumb Code     0  entry8b.o(.ARM.Collect$$$$0000000A)
    _main_init                               0x080000f5   Thumb Code     0  entry9a.o(.ARM.Collect$$$$0000000B)
    __rt_final_cpp                           0x080000fd   Thumb Code     0  entry10a.o(.ARM.Collect$$$$0000000D)
    __rt_final_exit                          0x080000fd   Thumb Code     0  entry11a.o(.ARM.Collect$$$$0000000F)
    Reset_Handler                            0x08000101   Thumb Code     8  startup_stm32f103xb.o(.text)
    ADC1_2_IRQHandler                        0x0800011b   Thumb Code     0  startup_stm32f103xb.o(.text)
    CAN1_RX1_IRQHandler                      0x0800011b   Thumb Code     0  startup_stm32f103xb.o(.text)
    CAN1_SCE_IRQHandler                      0x0800011b   Thumb Code     0  startup_stm32f103xb.o(.text)
    DMA1_Channel1_IRQHandler                 0x0800011b   Thumb Code     0  startup_stm32f103xb.o(.text)
    DMA1_Channel2_IRQHandler                 0x0800011b   Thumb Code     0  startup_stm32f103xb.o(.text)
    DMA1_Channel3_IRQHandler                 0x0800011b   Thumb Code     0  startup_stm32f103xb.o(.text)
    DMA1_Channel4_IRQHandler                 0x0800011b   Thumb Code     0  startup_stm32f103xb.o(.text)
    DMA1_Channel5_IRQHandler                 0x0800011b   Thumb Code     0  startup_stm32f103xb.o(.text)
    DMA1_Channel6_IRQHandler                 0x0800011b   Thumb Code     0  startup_stm32f103xb.o(.text)
    DMA1_Channel7_IRQHandler                 0x0800011b   Thumb Code     0  startup_stm32f103xb.o(.text)
    EXTI0_IRQHandler                         0x0800011b   Thumb Code     0  startup_stm32f103xb.o(.text)
    EXTI15_10_IRQHandler                     0x0800011b   Thumb Code     0  startup_stm32f103xb.o(.text)
    EXTI1_IRQHandler                         0x0800011b   Thumb Code     0  startup_stm32f103xb.o(.text)
    EXTI2_IRQHandler                         0x0800011b   Thumb Code     0  startup_stm32f103xb.o(.text)
    EXTI3_IRQHandler                         0x0800011b   Thumb Code     0  startup_stm32f103xb.o(.text)
    EXTI4_IRQHandler                         0x0800011b   Thumb Code     0  startup_stm32f103xb.o(.text)
    EXTI9_5_IRQHandler                       0x0800011b   Thumb Code     0  startup_stm32f103xb.o(.text)
    FLASH_IRQHandler                         0x0800011b   Thumb Code     0  startup_stm32f103xb.o(.text)
    I2C1_ER_IRQHandler                       0x0800011b   Thumb Code     0  startup_stm32f103xb.o(.text)
    I2C1_EV_IRQHandler                       0x0800011b   Thumb Code     0  startup_stm32f103xb.o(.text)
    I2C2_ER_IRQHandler                       0x0800011b   Thumb Code     0  startup_stm32f103xb.o(.text)
    I2C2_EV_IRQHandler                       0x0800011b   Thumb Code     0  startup_stm32f103xb.o(.text)
    PVD_IRQHandler                           0x0800011b   Thumb Code     0  startup_stm32f103xb.o(.text)
    RCC_IRQHandler                           0x0800011b   Thumb Code     0  startup_stm32f103xb.o(.text)
    RTC_Alarm_IRQHandler                     0x0800011b   Thumb Code     0  startup_stm32f103xb.o(.text)
    RTC_IRQHandler                           0x0800011b   Thumb Code     0  startup_stm32f103xb.o(.text)
    SPI1_IRQHandler                          0x0800011b   Thumb Code     0  startup_stm32f103xb.o(.text)
    SPI2_IRQHandler                          0x0800011b   Thumb Code     0  startup_stm32f103xb.o(.text)
    TAMPER_IRQHandler                        0x0800011b   Thumb Code     0  startup_stm32f103xb.o(.text)
    TIM1_BRK_IRQHandler                      0x0800011b   Thumb Code     0  startup_stm32f103xb.o(.text)
    TIM1_CC_IRQHandler                       0x0800011b   Thumb Code     0  startup_stm32f103xb.o(.text)
    TIM1_TRG_COM_IRQHandler                  0x0800011b   Thumb Code     0  startup_stm32f103xb.o(.text)
    TIM1_UP_IRQHandler                       0x0800011b   Thumb Code     0  startup_stm32f103xb.o(.text)
    TIM2_IRQHandler                          0x0800011b   Thumb Code     0  startup_stm32f103xb.o(.text)
    TIM4_IRQHandler                          0x0800011b   Thumb Code     0  startup_stm32f103xb.o(.text)
    USART3_IRQHandler                        0x0800011b   Thumb Code     0  startup_stm32f103xb.o(.text)
    USBWakeUp_IRQHandler                     0x0800011b   Thumb Code     0  startup_stm32f103xb.o(.text)
    USB_HP_CAN1_TX_IRQHandler                0x0800011b   Thumb Code     0  startup_stm32f103xb.o(.text)
    USB_LP_CAN1_RX0_IRQHandler               0x0800011b   Thumb Code     0  startup_stm32f103xb.o(.text)
    WWDG_IRQHandler                          0x0800011b   Thumb Code     0  startup_stm32f103xb.o(.text)
    __aeabi_uldivmod                         0x08000125   Thumb Code    98  uldiv.o(.text)
    __aeabi_llsl                             0x08000187   Thumb Code    30  llshl.o(.text)
    _ll_shift_l                              0x08000187   Thumb Code     0  llshl.o(.text)
    __aeabi_llsr                             0x080001a5   Thumb Code    32  llushr.o(.text)
    _ll_ushift_r                             0x080001a5   Thumb Code     0  llushr.o(.text)
    __aeabi_lasr                             0x080001c5   Thumb Code    36  llsshr.o(.text)
    _ll_sshift_r                             0x080001c5   Thumb Code     0  llsshr.o(.text)
    __aeabi_memset                           0x080001e9   Thumb Code    14  memseta.o(.text)
    __aeabi_memset4                          0x080001e9   Thumb Code     0  memseta.o(.text)
    __aeabi_memset8                          0x080001e9   Thumb Code     0  memseta.o(.text)
    __aeabi_memclr                           0x080001f7   Thumb Code     4  memseta.o(.text)
    __aeabi_memclr4                          0x080001f7   Thumb Code     0  memseta.o(.text)
    __aeabi_memclr8                          0x080001f7   Thumb Code     0  memseta.o(.text)
    _memset$wrapper                          0x080001fb   Thumb Code    18  memseta.o(.text)
    strlen                                   0x0800020d   Thumb Code    14  strlen.o(.text)
    __aeabi_fadd                             0x0800021b   Thumb Code   164  fadd.o(.text)
    __aeabi_fsub                             0x080002bf   Thumb Code     6  fadd.o(.text)
    __aeabi_frsub                            0x080002c5   Thumb Code     6  fadd.o(.text)
    __aeabi_fmul                             0x080002cb   Thumb Code   100  fmul.o(.text)
    __aeabi_fdiv                             0x0800032f   Thumb Code   124  fdiv.o(.text)
    __aeabi_dadd                             0x080003ab   Thumb Code   322  dadd.o(.text)
    __aeabi_dsub                             0x080004ed   Thumb Code     6  dadd.o(.text)
    __aeabi_drsub                            0x080004f3   Thumb Code     6  dadd.o(.text)
    __aeabi_dmul                             0x080004f9   Thumb Code   228  dmul.o(.text)
    __aeabi_ddiv                             0x080005dd   Thumb Code   222  ddiv.o(.text)
    __ARM_scalbn                             0x080006bb   Thumb Code    46  dscalb.o(.text)
    scalbn                                   0x080006bb   Thumb Code     0  dscalb.o(.text)
    __aeabi_i2f                              0x080006e9   Thumb Code    18  fflti.o(.text)
    __aeabi_i2d                              0x080006fb   Thumb Code    34  dflti.o(.text)
    __aeabi_ui2d                             0x0800071d   Thumb Code    26  dfltui.o(.text)
    __aeabi_f2iz                             0x08000737   Thumb Code    50  ffixi.o(.text)
    __aeabi_d2iz                             0x08000769   Thumb Code    62  dfixi.o(.text)
    __aeabi_cdcmpeq                          0x080007a9   Thumb Code     0  cdcmple.o(.text)
    __aeabi_cdcmple                          0x080007a9   Thumb Code    48  cdcmple.o(.text)
    __aeabi_cdrcmple                         0x080007d9   Thumb Code    48  cdrcmple.o(.text)
    __aeabi_d2f                              0x08000809   Thumb Code    56  d2f.o(.text)
    __aeabi_cfcmpeq                          0x08000841   Thumb Code     0  cfcmple.o(.text)
    __aeabi_cfcmple                          0x08000841   Thumb Code    20  cfcmple.o(.text)
    __aeabi_cfrcmple                         0x08000855   Thumb Code    20  cfrcmple.o(.text)
    __aeabi_uidiv                            0x08000869   Thumb Code     0  uidiv.o(.text)
    __aeabi_uidivmod                         0x08000869   Thumb Code    44  uidiv.o(.text)
    __I$use$fp                               0x08000895   Thumb Code     0  iusefp.o(.text)
    _float_round                             0x08000895   Thumb Code    18  fepilogue.o(.text)
    _float_epilogue                          0x080008a7   Thumb Code    92  fepilogue.o(.text)
    _double_round                            0x08000903   Thumb Code    30  depilogue.o(.text)
    _double_epilogue                         0x08000921   Thumb Code   156  depilogue.o(.text)
    _dsqrt                                   0x080009bd   Thumb Code   162  dsqrt.o(.text)
    __aeabi_d2ulz                            0x08000a5f   Thumb Code    48  dfixul.o(.text)
    __scatterload                            0x08000a91   Thumb Code    28  init.o(.text)
    __scatterload_rt2                        0x08000a91   Thumb Code     0  init.o(.text)
    BusFault_Handler                         0x08000ab5   Thumb Code     2  stm32f1xx_it.o(i.BusFault_Handler)
    DebugMon_Handler                         0x08000ab7   Thumb Code     2  stm32f1xx_it.o(i.DebugMon_Handler)
    Error_Handler                            0x08000ab9   Thumb Code     4  main.o(i.Error_Handler)
    GetEncoder                               0x08000abd   Thumb Code    26  encoder.o(i.GetEncoder)
    HAL_DMA_Abort                            0x08000ae1   Thumb Code    70  stm32f1xx_hal_dma.o(i.HAL_DMA_Abort)
    HAL_DMA_Abort_IT                         0x08000b29   Thumb Code   148  stm32f1xx_hal_dma.o(i.HAL_DMA_Abort_IT)
    HAL_GPIO_Init                            0x08000bc1   Thumb Code   446  stm32f1xx_hal_gpio.o(i.HAL_GPIO_Init)
    HAL_GPIO_WritePin                        0x08000da1   Thumb Code    10  stm32f1xx_hal_gpio.o(i.HAL_GPIO_WritePin)
    HAL_GetTick                              0x08000dad   Thumb Code     6  stm32f1xx_hal.o(i.HAL_GetTick)
    HAL_I2C_Init                             0x08000db9   Thumb Code   376  stm32f1xx_hal_i2c.o(i.HAL_I2C_Init)
    HAL_I2C_Mem_Read                         0x08000f41   Thumb Code   574  stm32f1xx_hal_i2c.o(i.HAL_I2C_Mem_Read)
    HAL_I2C_Mem_Write                        0x08001191   Thumb Code   294  stm32f1xx_hal_i2c.o(i.HAL_I2C_Mem_Write)
    HAL_I2C_MspInit                          0x080012c1   Thumb Code    82  i2c.o(i.HAL_I2C_MspInit)
    HAL_IncTick                              0x08001321   Thumb Code    12  stm32f1xx_hal.o(i.HAL_IncTick)
    HAL_Init                                 0x08001331   Thumb Code    32  stm32f1xx_hal.o(i.HAL_Init)
    HAL_InitTick                             0x08001355   Thumb Code    54  stm32f1xx_hal.o(i.HAL_InitTick)
    HAL_MspInit                              0x08001395   Thumb Code    52  stm32f1xx_hal_msp.o(i.HAL_MspInit)
    HAL_NVIC_EnableIRQ                       0x080013d1   Thumb Code    26  stm32f1xx_hal_cortex.o(i.HAL_NVIC_EnableIRQ)
    HAL_NVIC_SetPriority                     0x080013ed   Thumb Code    60  stm32f1xx_hal_cortex.o(i.HAL_NVIC_SetPriority)
    HAL_NVIC_SetPriorityGrouping             0x0800142d   Thumb Code    26  stm32f1xx_hal_cortex.o(i.HAL_NVIC_SetPriorityGrouping)
    HAL_RCC_ClockConfig                      0x08001451   Thumb Code   280  stm32f1xx_hal_rcc.o(i.HAL_RCC_ClockConfig)
    HAL_RCC_GetPCLK1Freq                     0x0800157d   Thumb Code    20  stm32f1xx_hal_rcc.o(i.HAL_RCC_GetPCLK1Freq)
    HAL_RCC_GetPCLK2Freq                     0x0800159d   Thumb Code    20  stm32f1xx_hal_rcc.o(i.HAL_RCC_GetPCLK2Freq)
    HAL_RCC_GetSysClockFreq                  0x080015bd   Thumb Code    74  stm32f1xx_hal_rcc.o(i.HAL_RCC_GetSysClockFreq)
    HAL_RCC_OscConfig                        0x08001629   Thumb Code   778  stm32f1xx_hal_rcc.o(i.HAL_RCC_OscConfig)
    HAL_SYSTICK_Config                       0x08001949   Thumb Code    40  stm32f1xx_hal_cortex.o(i.HAL_SYSTICK_Config)
    HAL_TIMEx_BreakCallback                  0x08001971   Thumb Code     2  stm32f1xx_hal_tim_ex.o(i.HAL_TIMEx_BreakCallback)
    HAL_TIMEx_CommutCallback                 0x08001973   Thumb Code     2  stm32f1xx_hal_tim_ex.o(i.HAL_TIMEx_CommutCallback)
    HAL_TIMEx_ConfigBreakDeadTime            0x08001975   Thumb Code    84  stm32f1xx_hal_tim_ex.o(i.HAL_TIMEx_ConfigBreakDeadTime)
    HAL_TIMEx_MasterConfigSynchronization    0x080019c9   Thumb Code    92  stm32f1xx_hal_tim_ex.o(i.HAL_TIMEx_MasterConfigSynchronization)
    HAL_TIM_Base_Init                        0x08001a31   Thumb Code    90  stm32f1xx_hal_tim.o(i.HAL_TIM_Base_Init)
    HAL_TIM_Base_MspInit                     0x08001a8d   Thumb Code   118  tim.o(i.HAL_TIM_Base_MspInit)
    HAL_TIM_Base_Start_IT                    0x08001b15   Thumb Code    76  stm32f1xx_hal_tim.o(i.HAL_TIM_Base_Start_IT)
    HAL_TIM_ConfigClockSource                0x08001b6d   Thumb Code   214  stm32f1xx_hal_tim.o(i.HAL_TIM_ConfigClockSource)
    HAL_TIM_Encoder_Init                     0x08001c43   Thumb Code   164  stm32f1xx_hal_tim.o(i.HAL_TIM_Encoder_Init)
    HAL_TIM_Encoder_MspInit                  0x08001ce9   Thumb Code   122  tim.o(i.HAL_TIM_Encoder_MspInit)
    HAL_TIM_Encoder_Start                    0x08001d75   Thumb Code   142  stm32f1xx_hal_tim.o(i.HAL_TIM_Encoder_Start)
    HAL_TIM_IC_CaptureCallback               0x08001e03   Thumb Code     2  stm32f1xx_hal_tim.o(i.HAL_TIM_IC_CaptureCallback)
    HAL_TIM_IRQHandler                       0x08001e05   Thumb Code   358  stm32f1xx_hal_tim.o(i.HAL_TIM_IRQHandler)
    HAL_TIM_MspPostInit                      0x08001f6d   Thumb Code    64  tim.o(i.HAL_TIM_MspPostInit)
    HAL_TIM_OC_DelayElapsedCallback          0x08001fb9   Thumb Code     2  stm32f1xx_hal_tim.o(i.HAL_TIM_OC_DelayElapsedCallback)
    HAL_TIM_PWM_ConfigChannel                0x08001fbb   Thumb Code   198  stm32f1xx_hal_tim.o(i.HAL_TIM_PWM_ConfigChannel)
    HAL_TIM_PWM_Init                         0x08002081   Thumb Code    90  stm32f1xx_hal_tim.o(i.HAL_TIM_PWM_Init)
    HAL_TIM_PWM_MspInit                      0x080020db   Thumb Code     2  stm32f1xx_hal_tim.o(i.HAL_TIM_PWM_MspInit)
    HAL_TIM_PWM_PulseFinishedCallback        0x080020dd   Thumb Code     2  stm32f1xx_hal_tim.o(i.HAL_TIM_PWM_PulseFinishedCallback)
    HAL_TIM_PWM_Start                        0x080020e1   Thumb Code   144  stm32f1xx_hal_tim.o(i.HAL_TIM_PWM_Start)
    HAL_TIM_PeriodElapsedCallback            0x0800217d   Thumb Code   242  main.o(i.HAL_TIM_PeriodElapsedCallback)
    HAL_TIM_TriggerCallback                  0x080022a5   Thumb Code     2  stm32f1xx_hal_tim.o(i.HAL_TIM_TriggerCallback)
    HAL_UARTEx_RxEventCallback               0x080022a7   Thumb Code     2  stm32f1xx_hal_uart.o(i.HAL_UARTEx_RxEventCallback)
    HAL_UART_ErrorCallback                   0x080022a9   Thumb Code     2  stm32f1xx_hal_uart.o(i.HAL_UART_ErrorCallback)
    HAL_UART_IRQHandler                      0x080022ad   Thumb Code   520  stm32f1xx_hal_uart.o(i.HAL_UART_IRQHandler)
    HAL_UART_Init                            0x080024b9   Thumb Code    98  stm32f1xx_hal_uart.o(i.HAL_UART_Init)
    HAL_UART_MspInit                         0x0800251d   Thumb Code   198  usart.o(i.HAL_UART_MspInit)
    HAL_UART_Receive_IT                      0x080025f5   Thumb Code    42  stm32f1xx_hal_uart.o(i.HAL_UART_Receive_IT)
    HAL_UART_RxCpltCallback                  0x08002621   Thumb Code    40  main.o(i.HAL_UART_RxCpltCallback)
    HAL_UART_Transmit                        0x0800265d   Thumb Code   178  stm32f1xx_hal_uart.o(i.HAL_UART_Transmit)
    HAL_UART_TxCpltCallback                  0x0800270f   Thumb Code     2  stm32f1xx_hal_uart.o(i.HAL_UART_TxCpltCallback)
    HardFault_Handler                        0x08002711   Thumb Code     2  stm32f1xx_it.o(i.HardFault_Handler)
    Kalman_getAngle                          0x08002ae1   Thumb Code   396  mpu6050.o(i.Kalman_getAngle)
    Limit                                    0x08002c6d   Thumb Code    42  main.o(i.Limit)
    Load                                     0x08002c99   Thumb Code   116  control.o(i.Load)
    MPU6050_Init                             0x08002d15   Thumb Code   146  mpu6050.o(i.MPU6050_Init)
    MPU6050_Read_All                         0x08002da9   Thumb Code   536  mpu6050.o(i.MPU6050_Read_All)
    MX_GPIO_Init                             0x08002fe9   Thumb Code   192  gpio.o(i.MX_GPIO_Init)
    MX_I2C2_Init                             0x080030b9   Thumb Code    50  i2c.o(i.MX_I2C2_Init)
    MX_TIM1_Init                             0x080030f9   Thumb Code   206  tim.o(i.MX_TIM1_Init)
    MX_TIM2_Init                             0x080031d1   Thumb Code   100  tim.o(i.MX_TIM2_Init)
    MX_TIM3_Init                             0x08003239   Thumb Code    98  tim.o(i.MX_TIM3_Init)
    MX_TIM4_Init                             0x080032a5   Thumb Code    98  tim.o(i.MX_TIM4_Init)
    MX_USART1_UART_Init                      0x08003311   Thumb Code    48  usart.o(i.MX_USART1_UART_Init)
    MX_USART2_UART_Init                      0x08003349   Thumb Code    48  usart.o(i.MX_USART2_UART_Init)
    MemManage_Handler                        0x08003381   Thumb Code     2  stm32f1xx_it.o(i.MemManage_Handler)
    NMI_Handler                              0x08003383   Thumb Code     2  stm32f1xx_it.o(i.NMI_Handler)
    PendSV_Handler                           0x08003385   Thumb Code     2  stm32f1xx_it.o(i.PendSV_Handler)
    SVC_Handler                              0x08003387   Thumb Code     2  stm32f1xx_it.o(i.SVC_Handler)
    SysTick_Handler                          0x08003389   Thumb Code     4  stm32f1xx_it.o(i.SysTick_Handler)
    SystemClock_Config                       0x0800338d   Thumb Code    94  main.o(i.SystemClock_Config)
    SystemInit                               0x080033eb   Thumb Code     2  system_stm32f1xx.o(i.SystemInit)
    TIM3_IRQHandler                          0x080033ed   Thumb Code     6  stm32f1xx_it.o(i.TIM3_IRQHandler)
    TIM_Base_SetConfig                       0x080033f9   Thumb Code    94  stm32f1xx_hal_tim.o(i.TIM_Base_SetConfig)
    TIM_CCxChannelCmd                        0x08003465   Thumb Code    26  stm32f1xx_hal_tim.o(i.TIM_CCxChannelCmd)
    TIM_ETR_SetConfig                        0x0800347f   Thumb Code    20  stm32f1xx_hal_tim.o(i.TIM_ETR_SetConfig)
    TIM_OC2_SetConfig                        0x080034f5   Thumb Code    84  stm32f1xx_hal_tim.o(i.TIM_OC2_SetConfig)
    Turn                                     0x08003631   Thumb Code    22  control.o(i.Turn)
    UART_Start_Receive_IT                    0x080037fd   Thumb Code    54  stm32f1xx_hal_uart.o(i.UART_Start_Receive_IT)
    USART1_IRQHandler                        0x08003899   Thumb Code     6  stm32f1xx_it.o(i.USART1_IRQHandler)
    USART2_IRQHandler                        0x080038a5   Thumb Code     6  stm32f1xx_it.o(i.USART2_IRQHandler)
    UsageFault_Handler                       0x080038b1   Thumb Code     2  stm32f1xx_it.o(i.UsageFault_Handler)
    Velocity                                 0x080038b5   Thumb Code    90  control.o(i.Velocity)
    Vertical                                 0x0800391d   Thumb Code   118  control.o(i.Vertical)
    __0printf                                0x08003999   Thumb Code    22  printfa.o(i.__0printf)
    __1printf                                0x08003999   Thumb Code     0  printfa.o(i.__0printf)
    __2printf                                0x08003999   Thumb Code     0  printfa.o(i.__0printf)
    __c89printf                              0x08003999   Thumb Code     0  printfa.o(i.__0printf)
    printf                                   0x08003999   Thumb Code     0  printfa.o(i.__0printf)
    __ARM_fpclassify                         0x080039b9   Thumb Code    40  fpclassify.o(i.__ARM_fpclassify)
    __kernel_poly                            0x08003a01   Thumb Code   170  poly.o(i.__kernel_poly)
    __mathlib_dbl_infnan                     0x08003aab   Thumb Code     6  dunder.o(i.__mathlib_dbl_infnan)
    __mathlib_dbl_infnan2                    0x08003ab1   Thumb Code     4  dunder.o(i.__mathlib_dbl_infnan2)
    __mathlib_dbl_underflow                  0x08003ab5   Thumb Code    10  dunder.o(i.__mathlib_dbl_underflow)
    __scatterload_copy                       0x08003ac5   Thumb Code    14  handlers.o(i.__scatterload_copy)
    __scatterload_null                       0x08003ad3   Thumb Code     2  handlers.o(i.__scatterload_null)
    __scatterload_zeroinit                   0x08003ad5   Thumb Code    14  handlers.o(i.__scatterload_zeroinit)
    __set_errno                              0x08003ae5   Thumb Code     6  errno.o(i.__set_errno)
    atan                                     0x080043a5   Thumb Code   474  atan.o(i.atan)
    atan2                                    0x080045c5   Thumb Code   346  atan2.o(i.atan2)
    fputc                                    0x08004745   Thumb Code    20  main.o(i.fputc)
    main                                     0x0800475d   Thumb Code   110  main.o(i.main)
    my_abs                                   0x080047ed   Thumb Code     8  control.o(i.my_abs)
    sqrt                                     0x080047f5   Thumb Code    76  sqrt.o(i.sqrt)
    AHBPrescTable                            0x08004840   Data          16  system_stm32f1xx.o(.constdata)
    APBPrescTable                            0x08004850   Data           8  system_stm32f1xx.o(.constdata)
    __mathlib_zero                           0x080048f0   Data           8  qnan.o(.constdata)
    Region$$Table$$Base                      0x080048f8   Number         0  anon$$obj.o(Region$$Table)
    Region$$Table$$Limit                     0x08004918   Number         0  anon$$obj.o(Region$$Table)
    cmd                                      0x20000000   Data           1  main.o(.data)
    Moto1                                    0x20000004   Data           4  main.o(.data)
    Moto2                                    0x20000008   Data           4  main.o(.data)
    EncoderLeft                              0x2000000c   Data           4  main.o(.data)
    EncoderRight                             0x20000010   Data           4  main.o(.data)
    Vertical_out                             0x20000014   Data           4  main.o(.data)
    Velocity_out                             0x20000018   Data           4  main.o(.data)
    Turn_out                                 0x2000001c   Data           4  main.o(.data)
    PWM_out                                  0x20000020   Data           4  main.o(.data)
    uwTickFreq                               0x20000024   Data           1  stm32f1xx_hal.o(.data)
    uwTickPrio                               0x20000028   Data           4  stm32f1xx_hal.o(.data)
    uwTick                                   0x2000002c   Data           4  stm32f1xx_hal.o(.data)
    SystemCoreClock                          0x20000030   Data           4  system_stm32f1xx.o(.data)
    Vertical_Kp                              0x20000034   Data           4  control.o(.data)
    Vertical_Kd                              0x20000038   Data           4  control.o(.data)
    Vertical_Kp1                             0x2000003c   Data           4  control.o(.data)
    Vertical_Kd1                             0x20000040   Data           4  control.o(.data)
    Vertical_Kp2                             0x20000044   Data           4  control.o(.data)
    Vertical_Kd2                             0x20000048   Data           4  control.o(.data)
    Vertical_Kp3                             0x2000004c   Data           4  control.o(.data)
    Vertical_Kd3                             0x20000050   Data           4  control.o(.data)
    min_angle_r                              0x20000054   Data           4  control.o(.data)
    min_angle_l                              0x20000058   Data           4  control.o(.data)
    Velocity_Kp                              0x2000005c   Data           4  control.o(.data)
    Turn_Kp                                  0x20000060   Data           4  control.o(.data)
    timer                                    0x20000078   Data           4  mpu6050.o(.data)
    KalmanX                                  0x20000080   Data          72  mpu6050.o(.data)
    KalmanY                                  0x200000c8   Data          72  mpu6050.o(.data)
    __stdout                                 0x20000110   Data           4  stdout.o(.data)
    MPU6050                                  0x20000118   Data          88  main.o(.bss)
    hi2c2                                    0x20000170   Data          84  i2c.o(.bss)
    htim1                                    0x200001c4   Data          72  tim.o(.bss)
    htim2                                    0x2000020c   Data          72  tim.o(.bss)
    htim3                                    0x20000254   Data          72  tim.o(.bss)
    htim4                                    0x2000029c   Data          72  tim.o(.bss)
    huart1                                   0x200002e4   Data          68  usart.o(.bss)
    huart2                                   0x20000328   Data          68  usart.o(.bss)
    __initial_sp                             0x20000770   Data           0  startup_stm32f103xb.o(STACK)



==============================================================================

Memory Map of the image

  Image Entry point : 0x080000ed

  Load Region LR_IROM1 (Base: 0x08000000, Size: 0x00004a30, Max: 0x00010000, ABSOLUTE)

    Execution Region ER_IROM1 (Exec base: 0x08000000, Load base: 0x08000000, Size: 0x00004918, Max: 0x00010000, ABSOLUTE)

    Exec Addr    Load Addr    Size         Type   Attr      Idx    E Section Name        Object

    0x08000000   0x08000000   0x000000ec   Data   RO            3    RESET               startup_stm32f103xb.o
    0x080000ec   0x080000ec   0x00000000   Code   RO         7494  * .ARM.Collect$$$$00000000  mc_w.l(entry.o)
    0x080000ec   0x080000ec   0x00000004   Code   RO         7862    .ARM.Collect$$$$00000001  mc_w.l(entry2.o)
    0x080000f0   0x080000f0   0x00000004   Code   RO         7865    .ARM.Collect$$$$00000004  mc_w.l(entry5.o)
    0x080000f4   0x080000f4   0x00000000   Code   RO         7867    .ARM.Collect$$$$00000008  mc_w.l(entry7b.o)
    0x080000f4   0x080000f4   0x00000000   Code   RO         7869    .ARM.Collect$$$$0000000A  mc_w.l(entry8b.o)
    0x080000f4   0x080000f4   0x00000008   Code   RO         7870    .ARM.Collect$$$$0000000B  mc_w.l(entry9a.o)
    0x080000fc   0x080000fc   0x00000000   Code   RO         7872    .ARM.Collect$$$$0000000D  mc_w.l(entry10a.o)
    0x080000fc   0x080000fc   0x00000000   Code   RO         7874    .ARM.Collect$$$$0000000F  mc_w.l(entry11a.o)
    0x080000fc   0x080000fc   0x00000004   Code   RO         7863    .ARM.Collect$$$$00002712  mc_w.l(entry2.o)
    0x08000100   0x08000100   0x00000024   Code   RO            4    .text               startup_stm32f103xb.o
    0x08000124   0x08000124   0x00000062   Code   RO         7504    .text               mc_w.l(uldiv.o)
    0x08000186   0x08000186   0x0000001e   Code   RO         7508    .text               mc_w.l(llshl.o)
    0x080001a4   0x080001a4   0x00000020   Code   RO         7510    .text               mc_w.l(llushr.o)
    0x080001c4   0x080001c4   0x00000024   Code   RO         7512    .text               mc_w.l(llsshr.o)
    0x080001e8   0x080001e8   0x00000024   Code   RO         7516    .text               mc_w.l(memseta.o)
    0x0800020c   0x0800020c   0x0000000e   Code   RO         7518    .text               mc_w.l(strlen.o)
    0x0800021a   0x0800021a   0x000000b0   Code   RO         7783    .text               mf_w.l(fadd.o)
    0x080002ca   0x080002ca   0x00000064   Code   RO         7785    .text               mf_w.l(fmul.o)
    0x0800032e   0x0800032e   0x0000007c   Code   RO         7787    .text               mf_w.l(fdiv.o)
    0x080003aa   0x080003aa   0x0000014e   Code   RO         7791    .text               mf_w.l(dadd.o)
    0x080004f8   0x080004f8   0x000000e4   Code   RO         7793    .text               mf_w.l(dmul.o)
    0x080005dc   0x080005dc   0x000000de   Code   RO         7795    .text               mf_w.l(ddiv.o)
    0x080006ba   0x080006ba   0x0000002e   Code   RO         7797    .text               mf_w.l(dscalb.o)
    0x080006e8   0x080006e8   0x00000012   Code   RO         7799    .text               mf_w.l(fflti.o)
    0x080006fa   0x080006fa   0x00000022   Code   RO         7803    .text               mf_w.l(dflti.o)
    0x0800071c   0x0800071c   0x0000001a   Code   RO         7805    .text               mf_w.l(dfltui.o)
    0x08000736   0x08000736   0x00000032   Code   RO         7807    .text               mf_w.l(ffixi.o)
    0x08000768   0x08000768   0x0000003e   Code   RO         7813    .text               mf_w.l(dfixi.o)
    0x080007a6   0x080007a6   0x00000002   PAD
    0x080007a8   0x080007a8   0x00000030   Code   RO         7817    .text               mf_w.l(cdcmple.o)
    0x080007d8   0x080007d8   0x00000030   Code   RO         7819    .text               mf_w.l(cdrcmple.o)
    0x08000808   0x08000808   0x00000038   Code   RO         7821    .text               mf_w.l(d2f.o)
    0x08000840   0x08000840   0x00000014   Code   RO         7823    .text               mf_w.l(cfcmple.o)
    0x08000854   0x08000854   0x00000014   Code   RO         7825    .text               mf_w.l(cfrcmple.o)
    0x08000868   0x08000868   0x0000002c   Code   RO         7876    .text               mc_w.l(uidiv.o)
    0x08000894   0x08000894   0x00000000   Code   RO         7885    .text               mc_w.l(iusefp.o)
    0x08000894   0x08000894   0x0000006e   Code   RO         7886    .text               mf_w.l(fepilogue.o)
    0x08000902   0x08000902   0x000000ba   Code   RO         7892    .text               mf_w.l(depilogue.o)
    0x080009bc   0x080009bc   0x000000a2   Code   RO         7894    .text               mf_w.l(dsqrt.o)
    0x08000a5e   0x08000a5e   0x00000030   Code   RO         7896    .text               mf_w.l(dfixul.o)
    0x08000a8e   0x08000a8e   0x00000002   PAD
    0x08000a90   0x08000a90   0x00000024   Code   RO         7902    .text               mc_w.l(init.o)
    0x08000ab4   0x08000ab4   0x00000002   Code   RO          398    i.BusFault_Handler  stm32f1xx_it.o
    0x08000ab6   0x08000ab6   0x00000002   Code   RO          399    i.DebugMon_Handler  stm32f1xx_it.o
    0x08000ab8   0x08000ab8   0x00000004   Code   RO           13    i.Error_Handler     main.o
    0x08000abc   0x08000abc   0x00000024   Code   RO         3327    i.GetEncoder        encoder.o
    0x08000ae0   0x08000ae0   0x00000046   Code   RO         1363    i.HAL_DMA_Abort     stm32f1xx_hal_dma.o
    0x08000b26   0x08000b26   0x00000002   PAD
    0x08000b28   0x08000b28   0x00000098   Code   RO         1364    i.HAL_DMA_Abort_IT  stm32f1xx_hal_dma.o
    0x08000bc0   0x08000bc0   0x000001e0   Code   RO         1299    i.HAL_GPIO_Init     stm32f1xx_hal_gpio.o
    0x08000da0   0x08000da0   0x0000000a   Code   RO         1303    i.HAL_GPIO_WritePin  stm32f1xx_hal_gpio.o
    0x08000daa   0x08000daa   0x00000002   PAD
    0x08000dac   0x08000dac   0x0000000c   Code   RO          995    i.HAL_GetTick       stm32f1xx_hal.o
    0x08000db8   0x08000db8   0x00000188   Code   RO          563    i.HAL_I2C_Init      stm32f1xx_hal_i2c.o
    0x08000f40   0x08000f40   0x00000250   Code   RO          581    i.HAL_I2C_Mem_Read  stm32f1xx_hal_i2c.o
    0x08001190   0x08001190   0x00000130   Code   RO          584    i.HAL_I2C_Mem_Write  stm32f1xx_hal_i2c.o
    0x080012c0   0x080012c0   0x00000060   Code   RO          231    i.HAL_I2C_MspInit   i2c.o
    0x08001320   0x08001320   0x00000010   Code   RO         1001    i.HAL_IncTick       stm32f1xx_hal.o
    0x08001330   0x08001330   0x00000024   Code   RO         1002    i.HAL_Init          stm32f1xx_hal.o
    0x08001354   0x08001354   0x00000040   Code   RO         1003    i.HAL_InitTick      stm32f1xx_hal.o
    0x08001394   0x08001394   0x0000003c   Code   RO          492    i.HAL_MspInit       stm32f1xx_hal_msp.o
    0x080013d0   0x080013d0   0x0000001a   Code   RO         1459    i.HAL_NVIC_EnableIRQ  stm32f1xx_hal_cortex.o
    0x080013ea   0x080013ea   0x00000002   PAD
    0x080013ec   0x080013ec   0x00000040   Code   RO         1465    i.HAL_NVIC_SetPriority  stm32f1xx_hal_cortex.o
    0x0800142c   0x0800142c   0x00000024   Code   RO         1466    i.HAL_NVIC_SetPriorityGrouping  stm32f1xx_hal_cortex.o
    0x08001450   0x08001450   0x0000012c   Code   RO         1159    i.HAL_RCC_ClockConfig  stm32f1xx_hal_rcc.o
    0x0800157c   0x0800157c   0x00000020   Code   RO         1166    i.HAL_RCC_GetPCLK1Freq  stm32f1xx_hal_rcc.o
    0x0800159c   0x0800159c   0x00000020   Code   RO         1167    i.HAL_RCC_GetPCLK2Freq  stm32f1xx_hal_rcc.o
    0x080015bc   0x080015bc   0x0000006c   Code   RO         1168    i.HAL_RCC_GetSysClockFreq  stm32f1xx_hal_rcc.o
    0x08001628   0x08001628   0x00000320   Code   RO         1171    i.HAL_RCC_OscConfig  stm32f1xx_hal_rcc.o
    0x08001948   0x08001948   0x00000028   Code   RO         1470    i.HAL_SYSTICK_Config  stm32f1xx_hal_cortex.o
    0x08001970   0x08001970   0x00000002   Code   RO         2665    i.HAL_TIMEx_BreakCallback  stm32f1xx_hal_tim_ex.o
    0x08001972   0x08001972   0x00000002   Code   RO         2666    i.HAL_TIMEx_CommutCallback  stm32f1xx_hal_tim_ex.o
    0x08001974   0x08001974   0x00000054   Code   RO         2668    i.HAL_TIMEx_ConfigBreakDeadTime  stm32f1xx_hal_tim_ex.o
    0x080019c8   0x080019c8   0x00000068   Code   RO         2684    i.HAL_TIMEx_MasterConfigSynchronization  stm32f1xx_hal_tim_ex.o
    0x08001a30   0x08001a30   0x0000005a   Code   RO         1961    i.HAL_TIM_Base_Init  stm32f1xx_hal_tim.o
    0x08001a8a   0x08001a8a   0x00000002   PAD
    0x08001a8c   0x08001a8c   0x00000088   Code   RO          273    i.HAL_TIM_Base_MspInit  tim.o
    0x08001b14   0x08001b14   0x00000058   Code   RO         1966    i.HAL_TIM_Base_Start_IT  stm32f1xx_hal_tim.o
    0x08001b6c   0x08001b6c   0x000000d6   Code   RO         1970    i.HAL_TIM_ConfigClockSource  stm32f1xx_hal_tim.o
    0x08001c42   0x08001c42   0x000000a4   Code   RO         1982    i.HAL_TIM_Encoder_Init  stm32f1xx_hal_tim.o
    0x08001ce6   0x08001ce6   0x00000002   PAD
    0x08001ce8   0x08001ce8   0x0000008c   Code   RO          275    i.HAL_TIM_Encoder_MspInit  tim.o
    0x08001d74   0x08001d74   0x0000008e   Code   RO         1985    i.HAL_TIM_Encoder_Start  stm32f1xx_hal_tim.o
    0x08001e02   0x08001e02   0x00000002   Code   RO         1995    i.HAL_TIM_IC_CaptureCallback  stm32f1xx_hal_tim.o
    0x08001e04   0x08001e04   0x00000166   Code   RO         2009    i.HAL_TIM_IRQHandler  stm32f1xx_hal_tim.o
    0x08001f6a   0x08001f6a   0x00000002   PAD
    0x08001f6c   0x08001f6c   0x0000004c   Code   RO          276    i.HAL_TIM_MspPostInit  tim.o
    0x08001fb8   0x08001fb8   0x00000002   Code   RO         2012    i.HAL_TIM_OC_DelayElapsedCallback  stm32f1xx_hal_tim.o
    0x08001fba   0x08001fba   0x000000c6   Code   RO         2033    i.HAL_TIM_PWM_ConfigChannel  stm32f1xx_hal_tim.o
    0x08002080   0x08002080   0x0000005a   Code   RO         2036    i.HAL_TIM_PWM_Init  stm32f1xx_hal_tim.o
    0x080020da   0x080020da   0x00000002   Code   RO         2038    i.HAL_TIM_PWM_MspInit  stm32f1xx_hal_tim.o
    0x080020dc   0x080020dc   0x00000002   Code   RO         2039    i.HAL_TIM_PWM_PulseFinishedCallback  stm32f1xx_hal_tim.o
    0x080020de   0x080020de   0x00000002   PAD
    0x080020e0   0x080020e0   0x0000009c   Code   RO         2041    i.HAL_TIM_PWM_Start  stm32f1xx_hal_tim.o
    0x0800217c   0x0800217c   0x00000128   Code   RO           14    i.HAL_TIM_PeriodElapsedCallback  main.o
    0x080022a4   0x080022a4   0x00000002   Code   RO         2052    i.HAL_TIM_TriggerCallback  stm32f1xx_hal_tim.o
    0x080022a6   0x080022a6   0x00000002   Code   RO         2943    i.HAL_UARTEx_RxEventCallback  stm32f1xx_hal_uart.o
    0x080022a8   0x080022a8   0x00000002   Code   RO         2957    i.HAL_UART_ErrorCallback  stm32f1xx_hal_uart.o
    0x080022aa   0x080022aa   0x00000002   PAD
    0x080022ac   0x080022ac   0x0000020c   Code   RO         2960    i.HAL_UART_IRQHandler  stm32f1xx_hal_uart.o
    0x080024b8   0x080024b8   0x00000062   Code   RO         2961    i.HAL_UART_Init     stm32f1xx_hal_uart.o
    0x0800251a   0x0800251a   0x00000002   PAD
    0x0800251c   0x0800251c   0x000000d8   Code   RO          351    i.HAL_UART_MspInit  usart.o
    0x080025f4   0x080025f4   0x0000002a   Code   RO         2966    i.HAL_UART_Receive_IT  stm32f1xx_hal_uart.o
    0x0800261e   0x0800261e   0x00000002   PAD
    0x08002620   0x08002620   0x0000003c   Code   RO           15    i.HAL_UART_RxCpltCallback  main.o
    0x0800265c   0x0800265c   0x000000b2   Code   RO         2969    i.HAL_UART_Transmit  stm32f1xx_hal_uart.o
    0x0800270e   0x0800270e   0x00000002   Code   RO         2972    i.HAL_UART_TxCpltCallback  stm32f1xx_hal_uart.o
    0x08002710   0x08002710   0x00000002   Code   RO          400    i.HardFault_Handler  stm32f1xx_it.o
    0x08002712   0x08002712   0x0000002e   Code   RO          605    i.I2C_IsAcknowledgeFailed  stm32f1xx_hal_i2c.o
    0x08002740   0x08002740   0x000000fc   Code   RO          615    i.I2C_RequestMemoryRead  stm32f1xx_hal_i2c.o
    0x0800283c   0x0800283c   0x000000a8   Code   RO          616    i.I2C_RequestMemoryWrite  stm32f1xx_hal_i2c.o
    0x080028e4   0x080028e4   0x0000004c   Code   RO          620    i.I2C_WaitOnBTFFlagUntilTimeout  stm32f1xx_hal_i2c.o
    0x08002930   0x08002930   0x00000068   Code   RO          621    i.I2C_WaitOnFlagUntilTimeout  stm32f1xx_hal_i2c.o
    0x08002998   0x08002998   0x00000096   Code   RO          622    i.I2C_WaitOnMasterAddressFlagUntilTimeout  stm32f1xx_hal_i2c.o
    0x08002a2e   0x08002a2e   0x00000066   Code   RO          623    i.I2C_WaitOnRXNEFlagUntilTimeout  stm32f1xx_hal_i2c.o
    0x08002a94   0x08002a94   0x0000004c   Code   RO          624    i.I2C_WaitOnTXEFlagUntilTimeout  stm32f1xx_hal_i2c.o
    0x08002ae0   0x08002ae0   0x0000018c   Code   RO         3409    i.Kalman_getAngle   mpu6050.o
    0x08002c6c   0x08002c6c   0x0000002a   Code   RO           16    i.Limit             main.o
    0x08002c96   0x08002c96   0x00000002   PAD
    0x08002c98   0x08002c98   0x0000007c   Code   RO         3354    i.Load              control.o
    0x08002d14   0x08002d14   0x00000092   Code   RO         3410    i.MPU6050_Init      mpu6050.o
    0x08002da6   0x08002da6   0x00000002   PAD
    0x08002da8   0x08002da8   0x00000240   Code   RO         3412    i.MPU6050_Read_All  mpu6050.o
    0x08002fe8   0x08002fe8   0x000000d0   Code   RO          206    i.MX_GPIO_Init      gpio.o
    0x080030b8   0x080030b8   0x00000040   Code   RO          232    i.MX_I2C2_Init      i2c.o
    0x080030f8   0x080030f8   0x000000d8   Code   RO          277    i.MX_TIM1_Init      tim.o
    0x080031d0   0x080031d0   0x00000068   Code   RO          278    i.MX_TIM2_Init      tim.o
    0x08003238   0x08003238   0x0000006c   Code   RO          279    i.MX_TIM3_Init      tim.o
    0x080032a4   0x080032a4   0x0000006c   Code   RO          280    i.MX_TIM4_Init      tim.o
    0x08003310   0x08003310   0x00000038   Code   RO          352    i.MX_USART1_UART_Init  usart.o
    0x08003348   0x08003348   0x00000038   Code   RO          353    i.MX_USART2_UART_Init  usart.o
    0x08003380   0x08003380   0x00000002   Code   RO          401    i.MemManage_Handler  stm32f1xx_it.o
    0x08003382   0x08003382   0x00000002   Code   RO          402    i.NMI_Handler       stm32f1xx_it.o
    0x08003384   0x08003384   0x00000002   Code   RO          403    i.PendSV_Handler    stm32f1xx_it.o
    0x08003386   0x08003386   0x00000002   Code   RO          404    i.SVC_Handler       stm32f1xx_it.o
    0x08003388   0x08003388   0x00000004   Code   RO          405    i.SysTick_Handler   stm32f1xx_it.o
    0x0800338c   0x0800338c   0x0000005e   Code   RO           17    i.SystemClock_Config  main.o
    0x080033ea   0x080033ea   0x00000002   Code   RO         3290    i.SystemInit        system_stm32f1xx.o
    0x080033ec   0x080033ec   0x0000000c   Code   RO          406    i.TIM3_IRQHandler   stm32f1xx_it.o
    0x080033f8   0x080033f8   0x0000006c   Code   RO         2054    i.TIM_Base_SetConfig  stm32f1xx_hal_tim.o
    0x08003464   0x08003464   0x0000001a   Code   RO         2055    i.TIM_CCxChannelCmd  stm32f1xx_hal_tim.o
    0x0800347e   0x0800347e   0x00000014   Code   RO         2065    i.TIM_ETR_SetConfig  stm32f1xx_hal_tim.o
    0x08003492   0x08003492   0x00000010   Code   RO         2066    i.TIM_ITRx_SetConfig  stm32f1xx_hal_tim.o
    0x080034a2   0x080034a2   0x00000002   PAD
    0x080034a4   0x080034a4   0x00000050   Code   RO         2067    i.TIM_OC1_SetConfig  stm32f1xx_hal_tim.o
    0x080034f4   0x080034f4   0x00000058   Code   RO         2068    i.TIM_OC2_SetConfig  stm32f1xx_hal_tim.o
    0x0800354c   0x0800354c   0x00000058   Code   RO         2069    i.TIM_OC3_SetConfig  stm32f1xx_hal_tim.o
    0x080035a4   0x080035a4   0x00000044   Code   RO         2070    i.TIM_OC4_SetConfig  stm32f1xx_hal_tim.o
    0x080035e8   0x080035e8   0x00000022   Code   RO         2072    i.TIM_TI1_ConfigInputStage  stm32f1xx_hal_tim.o
    0x0800360a   0x0800360a   0x00000024   Code   RO         2074    i.TIM_TI2_ConfigInputStage  stm32f1xx_hal_tim.o
    0x0800362e   0x0800362e   0x00000002   PAD
    0x08003630   0x08003630   0x0000001c   Code   RO         3355    i.Turn              control.o
    0x0800364c   0x0800364c   0x00000010   Code   RO         2974    i.UART_DMAAbortOnError  stm32f1xx_hal_uart.o
    0x0800365c   0x0800365c   0x00000030   Code   RO         2984    i.UART_EndRxTransfer  stm32f1xx_hal_uart.o
    0x0800368c   0x0800368c   0x000000b6   Code   RO         2986    i.UART_Receive_IT   stm32f1xx_hal_uart.o
    0x08003742   0x08003742   0x00000002   PAD
    0x08003744   0x08003744   0x000000b8   Code   RO         2987    i.UART_SetConfig    stm32f1xx_hal_uart.o
    0x080037fc   0x080037fc   0x00000036   Code   RO         2989    i.UART_Start_Receive_IT  stm32f1xx_hal_uart.o
    0x08003832   0x08003832   0x00000064   Code   RO         2990    i.UART_WaitOnFlagUntilTimeout  stm32f1xx_hal_uart.o
    0x08003896   0x08003896   0x00000002   PAD
    0x08003898   0x08003898   0x0000000c   Code   RO          407    i.USART1_IRQHandler  stm32f1xx_it.o
    0x080038a4   0x080038a4   0x0000000c   Code   RO          408    i.USART2_IRQHandler  stm32f1xx_it.o
    0x080038b0   0x080038b0   0x00000002   Code   RO          409    i.UsageFault_Handler  stm32f1xx_it.o
    0x080038b2   0x080038b2   0x00000002   PAD
    0x080038b4   0x080038b4   0x00000068   Code   RO         3356    i.Velocity          control.o
    0x0800391c   0x0800391c   0x0000007c   Code   RO         3357    i.Vertical          control.o
    0x08003998   0x08003998   0x00000020   Code   RO         7755    i.__0printf         mc_w.l(printfa.o)
    0x080039b8   0x080039b8   0x00000028   Code   RO         7841    i.__ARM_fpclassify  m_ws.l(fpclassify.o)
    0x080039e0   0x080039e0   0x00000020   Code   RO         1472    i.__NVIC_SetPriority  stm32f1xx_hal_cortex.o
    0x08003a00   0x08003a00   0x000000aa   Code   RO         7859    i.__kernel_poly     m_ws.l(poly.o)
    0x08003aaa   0x08003aaa   0x00000006   Code   RO         7828    i.__mathlib_dbl_infnan  m_ws.l(dunder.o)
    0x08003ab0   0x08003ab0   0x00000004   Code   RO         7829    i.__mathlib_dbl_infnan2  m_ws.l(dunder.o)
    0x08003ab4   0x08003ab4   0x00000010   Code   RO         7833    i.__mathlib_dbl_underflow  m_ws.l(dunder.o)
    0x08003ac4   0x08003ac4   0x0000000e   Code   RO         7906    i.__scatterload_copy  mc_w.l(handlers.o)
    0x08003ad2   0x08003ad2   0x00000002   Code   RO         7907    i.__scatterload_null  mc_w.l(handlers.o)
    0x08003ad4   0x08003ad4   0x0000000e   Code   RO         7908    i.__scatterload_zeroinit  mc_w.l(handlers.o)
    0x08003ae2   0x08003ae2   0x00000002   PAD
    0x08003ae4   0x08003ae4   0x0000000c   Code   RO         7880    i.__set_errno       mc_w.l(errno.o)
    0x08003af0   0x08003af0   0x00000184   Code   RO         7762    i._fp_digits        mc_w.l(printfa.o)
    0x08003c74   0x08003c74   0x000006dc   Code   RO         7763    i._printf_core      mc_w.l(printfa.o)
    0x08004350   0x08004350   0x00000024   Code   RO         7764    i._printf_post_padding  mc_w.l(printfa.o)
    0x08004374   0x08004374   0x0000002e   Code   RO         7765    i._printf_pre_padding  mc_w.l(printfa.o)
    0x080043a2   0x080043a2   0x00000002   PAD
    0x080043a4   0x080043a4   0x00000220   Code   RO         7413    i.atan              m_ws.l(atan.o)
    0x080045c4   0x080045c4   0x00000180   Code   RO         7423    i.atan2             m_ws.l(atan2.o)
    0x08004744   0x08004744   0x00000018   Code   RO           18    i.fputc             main.o
    0x0800475c   0x0800475c   0x00000090   Code   RO           19    i.main              main.o
    0x080047ec   0x080047ec   0x00000008   Code   RO         3358    i.my_abs            control.o
    0x080047f4   0x080047f4   0x0000004c   Code   RO         7471    i.sqrt              m_ws.l(sqrt.o)
    0x08004840   0x08004840   0x00000010   Data   RO         3291    .constdata          system_stm32f1xx.o
    0x08004850   0x08004850   0x00000008   Data   RO         3292    .constdata          system_stm32f1xx.o
    0x08004858   0x08004858   0x00000098   Data   RO         7414    .constdata          m_ws.l(atan.o)
    0x080048f0   0x080048f0   0x00000008   Data   RO         7861    .constdata          m_ws.l(qnan.o)
    0x080048f8   0x080048f8   0x00000020   Data   RO         7904    Region$$Table       anon$$obj.o


    Execution Region RW_IRAM1 (Exec base: 0x20000000, Load base: 0x08004918, Size: 0x00000770, Max: 0x00005000, ABSOLUTE)

    Exec Addr    Load Addr    Size         Type   Attr      Idx    E Section Name        Object

    0x20000000   0x08004918   0x00000024   Data   RW           21    .data               main.o
    0x20000024   0x0800493c   0x0000000c   Data   RW         1009    .data               stm32f1xx_hal.o
    0x20000030   0x08004948   0x00000004   Data   RW         3293    .data               system_stm32f1xx.o
    0x20000034   0x0800494c   0x00000044   Data   RW         3360    .data               control.o
    0x20000078   0x08004990   0x00000098   Data   RW         3417    .data               mpu6050.o
    0x20000110   0x08004a28   0x00000004   Data   RW         7502    .data               mc_w.l(stdout.o)
    0x20000114   0x08004a2c   0x00000004   Data   RW         7881    .data               mc_w.l(errno.o)
    0x20000118        -       0x00000058   Zero   RW           20    .bss                main.o
    0x20000170        -       0x00000054   Zero   RW          233    .bss                i2c.o
    0x200001c4        -       0x00000120   Zero   RW          281    .bss                tim.o
    0x200002e4        -       0x00000088   Zero   RW          354    .bss                usart.o
    0x2000036c   0x08004a30   0x00000004   PAD
    0x20000370        -       0x00000400   Zero   RW            1    STACK               startup_stm32f103xb.o


==============================================================================

Image component sizes


      Code (inc. data)   RO Data    RW Data    ZI Data      Debug   Object Name

       388         34          0         68          0       3965   control.o
        36         10          0          0          0        557   encoder.o
       208         16          0          0          0        955   gpio.o
       160         28          0          0         84       1569   i2c.o
       664        112          0         36         88     440177   main.o
      1118         40          0        152          0       3490   mpu6050.o
        36          8        236          0       1024        784   startup_stm32f103xb.o
       128         24          0         12          0       5201   stm32f1xx_hal.o
       198         14          0          0          0      28879   stm32f1xx_hal_cortex.o
       222          4          0          0          0       1727   stm32f1xx_hal_dma.o
       490         34          0          0          0       2844   stm32f1xx_hal_gpio.o
      2262         56          0          0          0      12594   stm32f1xx_hal_i2c.o
        60          8          0          0          0        842   stm32f1xx_hal_msp.o
      1272        100          0          0          0       5108   stm32f1xx_hal_rcc.o
      2074         58          0          0          0      17413   stm32f1xx_hal_tim.o
       192         12          0          0          0       3085   stm32f1xx_hal_tim_ex.o
      1432         10          0          0          0      10324   stm32f1xx_hal_uart.o
        56         18          0          0          0       5004   stm32f1xx_it.o
         2          0         24          4          0       1071   system_stm32f1xx.o
       888         82          0          0        288       5069   tim.o
       328         34          0          0        136       2299   usart.o

    ----------------------------------------------------------------------
     12248        702        292        272       1624     552957   Object Totals
         0          0         32          0          0          0   (incl. Generated)
        34          0          0          0          4          0   (incl. Padding)

    ----------------------------------------------------------------------

      Code (inc. data)   RO Data    RW Data    ZI Data      Debug   Library Member Name

       544         70        152          0          0        124   atan.o
       384         38          0          0          0        144   atan2.o
        26          6          0          0          0        204   dunder.o
        40          0          0          0          0         68   fpclassify.o
       170          0          0          0          0         96   poly.o
         0          0          8          0          0          0   qnan.o
        76          0          0          0          0         84   sqrt.o
         0          0          0          0          0          0   entry.o
         0          0          0          0          0          0   entry10a.o
         0          0          0          0          0          0   entry11a.o
         8          4          0          0          0          0   entry2.o
         4          0          0          0          0          0   entry5.o
         0          0          0          0          0          0   entry7b.o
         0          0          0          0          0          0   entry8b.o
         8          4          0          0          0          0   entry9a.o
        12          6          0          4          0         68   errno.o
        30          0          0          0          0          0   handlers.o
        36          8          0          0          0         68   init.o
         0          0          0          0          0          0   iusefp.o
        30          0          0          0          0         68   llshl.o
        36          0          0          0          0         68   llsshr.o
        32          0          0          0          0         68   llushr.o
        36          0          0          0          0        108   memseta.o
      2258         90          0          0          0        452   printfa.o
         0          0          0          4          0          0   stdout.o
        14          0          0          0          0         68   strlen.o
        44          0          0          0          0         80   uidiv.o
        98          0          0          0          0         92   uldiv.o
        48          0          0          0          0         68   cdcmple.o
        48          0          0          0          0         68   cdrcmple.o
        20          0          0          0          0         68   cfcmple.o
        20          0          0          0          0         68   cfrcmple.o
        56          0          0          0          0         88   d2f.o
       334          0          0          0          0        148   dadd.o
       222          0          0          0          0        100   ddiv.o
       186          0          0          0          0        176   depilogue.o
        62          0          0          0          0         80   dfixi.o
        48          0          0          0          0         68   dfixul.o
        34          0          0          0          0         76   dflti.o
        26          0          0          0          0         76   dfltui.o
       228          0          0          0          0         96   dmul.o
        46          0          0          0          0         80   dscalb.o
       162          0          0          0          0        100   dsqrt.o
       176          0          0          0          0        140   fadd.o
       124          0          0          0          0         88   fdiv.o
       110          0          0          0          0        168   fepilogue.o
        50          0          0          0          0         68   ffixi.o
        18          0          0          0          0         68   fflti.o
       100          0          0          0          0         76   fmul.o

    ----------------------------------------------------------------------
      6012        226        160          8          0       3828   Library Totals
         8          0          0          0          0          0   (incl. Padding)

    ----------------------------------------------------------------------

      Code (inc. data)   RO Data    RW Data    ZI Data      Debug   Library Name

      1240        114        160          0          0        720   m_ws.l
      2646        112          0          8          0       1140   mc_w.l
      2118          0          0          0          0       1968   mf_w.l

    ----------------------------------------------------------------------
      6012        226        160          8          0       3828   Library Totals

    ----------------------------------------------------------------------

==============================================================================


      Code (inc. data)   RO Data    RW Data    ZI Data      Debug   

     18260        928        452        280       1624     549137   Grand Totals
     18260        928        452        280       1624     549137   ELF Image Totals
     18260        928        452        280          0          0   ROM Totals

==============================================================================

    Total RO  Size (Code + RO Data)                18712 (  18.27kB)
    Total RW  Size (RW Data + ZI Data)              1904 (   1.86kB)
    Total ROM Size (Code + RO Data + RW Data)      18992 (  18.55kB)

==============================================================================

